******************************************************************************
             TMS320C2000 Linker PC v22.6.1                     
******************************************************************************
>> Linked Wed Jul 10 12:21:40 2024

OUTPUT FILE NAME:   <Example_2806xSci_Echoback.out>
ENTRY POINT SYMBOL: "code_start"  address: 00000000


MEMORY CONFIGURATION

         name            origin    length      used     unused   attr    fill
----------------------  --------  ---------  --------  --------  ----  --------
PAGE 0:
  BEGIN                 00000000   00000002  00000002  00000000  RWIX
  RAMM0                 00000050   000003b0  00000022  0000038e  RWIX
  RAML0_L7              00008000   0000a000  000022e4  00007d1c  RWIX
  FPUTABLES             003fd590   000006a0  00000000  000006a0  RWIX
  IQTABLES              003fdc30   00000b50  00000000  00000b50  RWIX
  IQTABLES2             003fe780   0000008c  00000000  0000008c  RWIX
  IQTABLES3             003fe80c   000000aa  00000000  000000aa  RWIX
  BOOTROM               003ff3b0   00000c10  00000000  00000c10  RWIX
  RESET                 003fffc0   00000002  00000000  00000002  RWIX

PAGE 1:
  BOOT_RSVD             00000002   0000004e  00000000  0000004e  RWIX
  RAMM1                 00000400   00000400  00000200  00000200  RWIX
  DEV_EMU               00000880   00000105  00000004  00000101  RWIX
  SYS_PWR_CTL           00000985   00000003  00000003  00000000  RWIX
  FLASH_REGS            00000a80   00000060  00000008  00000058  RWIX
  CSM                   00000ae0   00000020  00000010  00000010  RWIX
  ADC_RESULT            00000b00   00000020  00000010  00000010  RWIX
  CPU_TIMER0            00000c00   00000008  00000008  00000000  RWIX
  CPU_TIMER1            00000c08   00000008  00000008  00000000  RWIX
  CPU_TIMER2            00000c10   00000008  00000008  00000000  RWIX
  PIE_CTRL              00000ce0   00000020  0000001a  00000006  RWIX
  PIE_VECT              00000d00   00000100  00000100  00000000  RWIX
  DMA                   00001000   00000200  000000e0  00000120  RWIX
  CLA1                  00001400   00000080  00000040  00000040  RWIX
  USB0                  00004000   00001000  00000454  00000bac  RWIX
  McBSPA                00005000   00000040  00000024  0000001c  RWIX
  ECANA                 00006000   00000040  00000034  0000000c  RWIX
  ECANA_LAM             00006040   00000040  00000040  00000000  RWIX
  ECANA_MOTS            00006080   00000040  00000040  00000000  RWIX
  ECANA_MOTO            000060c0   00000040  00000040  00000000  RWIX
  ECANA_MBOX            00006100   00000100  00000100  00000000  RWIX
  COMP1                 00006400   00000020  00000014  0000000c  RWIX
  COMP2                 00006420   00000020  00000014  0000000c  RWIX
  COMP3                 00006440   00000020  00000014  0000000c  RWIX
  EPWM1                 00006800   00000040  00000040  00000000  RWIX
  EPWM2                 00006840   00000040  00000040  00000000  RWIX
  EPWM3                 00006880   00000040  00000040  00000000  RWIX
  EPWM4                 000068c0   00000040  00000040  00000000  RWIX
  EPWM5                 00006900   00000040  00000040  00000000  RWIX
  EPWM6                 00006940   00000040  00000040  00000000  RWIX
  EPWM7                 00006980   00000040  00000040  00000000  RWIX
  EPWM8                 000069c0   00000040  00000040  00000000  RWIX
  ECAP1                 00006a00   00000020  00000020  00000000  RWIX
  ECAP2                 00006a20   00000020  00000020  00000000  RWIX
  ECAP3                 00006a40   00000020  00000020  00000000  RWIX
  HRCAP1                00006ac0   00000020  00000020  00000000  RWIX
  HRCAP2                00006ae0   00000020  00000020  00000000  RWIX
  EQEP1                 00006b00   00000040  00000022  0000001e  RWIX
  EQEP2                 00006b40   00000040  00000022  0000001e  RWIX
  HRCAP3                00006c80   00000020  00000020  00000000  RWIX
  HRCAP4                00006ca0   00000020  00000020  00000000  RWIX
  GPIOCTRL              00006f80   00000040  00000040  00000000  RWIX
  GPIODAT               00006fc0   00000020  00000020  00000000  RWIX
  GPIOINT               00006fe0   00000020  00000020  00000000  RWIX
  SYSTEM                00007010   00000030  00000030  00000000  RWIX
  SPIA                  00007040   00000010  00000010  00000000  RWIX
  SCIA                  00007050   00000010  00000010  00000000  RWIX
  NMIINTRUPT            00007060   00000010  00000010  00000000  RWIX
  XINTRUPT              00007070   00000010  00000010  00000000  RWIX
  ADC                   00007100   00000080  00000050  00000030  RWIX
  SPIB                  00007740   00000010  00000010  00000000  RWIX
  SCIB                  00007750   00000010  00000010  00000000  RWIX
  I2CA                  00007900   00000040  00000022  0000001e  RWIX
  USB_RAM               00040000   00000800  00000000  00000800  RWIX
  PARTID                003d7e80   00000001  00000001  00000000  RWIX
  CSM_PWL               003f7ff8   00000008  00000008  00000000  RWIX


SECTION ALLOCATION MAP

 output                                  attributes/
section   page    origin      length       input sections
--------  ----  ----------  ----------   ----------------
codestart 
*          0    00000000    00000002     
                  00000000    00000002     F2806x_CodeStartBranch.obj (codestart)

.cinit     0    00000050    0000001e     
                  00000050    0000000e     rts2800_fpu32.lib : exit.c.obj (.cinit)
                  0000005e    00000005                       : _lock.c.obj (.cinit:__lock)
                  00000063    00000005                       : _lock.c.obj (.cinit:__unlock)
                  00000068    00000004                       : errno.c.obj (.cinit)
                  0000006c    00000002     --HOLE-- [fill = 0]

ramfuncs   0    0000006e    00000004     
                  0000006e    00000004     F2806x_usDelay.obj (ramfuncs)

.text      0    00008000    00001f17     
                  00008000    000006d0     rts2800_fpu32.lib : _printfi.c.obj (.text)
                  000086d0    000005f5                       : _printfi.c.obj (.text:__TI_printfi)
                  00008cc5    0000039b     F2806x_DefaultIsr.obj (.text:retain)
                  00009060    000002f5     Example_2806xSci_Echoback.obj (.text)
                  00009355    000001ff     rts2800_fpu32.lib : strtod.c.obj (.text)
                  00009554    00000190     F2806x_SysCtrl.obj (.text)
                  000096e4    00000107     rts2800_fpu32.lib : ll_div28.asm.obj (.text)
                  000097eb    000000a9                       : s_scalbn.c.obj (.text)
                  00009894    0000009c                       : fd_add28.asm.obj (.text)
                  00009930    0000008b                       : fd_div28.asm.obj (.text)
                  000099bb    00000088                       : fs_div28.asm.obj (.text)
                  00009a43    00000083                       : fd_mpy28.asm.obj (.text)
                  00009ac6    0000005a                       : s_frexp.c.obj (.text)
                  00009b20    00000058                       : s_scalbnf.c.obj (.text)
                  00009b78    00000056                       : boot28.asm.obj (.text)
                  00009bce    00000032                       : sprintf.c.obj (.text)
                  00009c00    00000031                       : atoi.c.obj (.text)
                  00009c31    00000030     F2806x_Sci.obj (.text)
                  00009c61    00000030     rts2800_fpu32.lib : _ltoa.c.obj (.text)
                  00009c91    0000002a                       : fd_cmp28.asm.obj (.text)
                  00009cbb    0000002a                       : l_div28.asm.obj (.text)
                  00009ce5    00000029                       : exit.c.obj (.text)
                  00009d0e    00000028     F2806x_PieCtrl.obj (.text)
                  00009d36    00000026     F2806x_PieVect.obj (.text)
                  00009d5c    00000024     rts2800_fpu32.lib : cpy_tbl.c.obj (.text)
                  00009d80    00000024                       : s_copysign.c.obj (.text)
                  00009da4    00000021                       : fd_toi28.asm.obj (.text)
                  00009dc5    0000001f                       : fd_tol28.asm.obj (.text)
                  00009de4    0000001e                       : ll_cmp28.asm.obj (.text)
                  00009e02    0000001d                       : i_tofd28.asm.obj (.text)
                  00009e1f    0000001d                       : memcpy.c.obj (.text)
                  00009e3c    0000001c                       : fs_tofdfpu32.asm.obj (.text)
                  00009e58    0000001c                       : l_tofd28.asm.obj (.text)
                  00009e74    00000018                       : ll_aox28.asm.obj (.text)
                  00009e8c    00000012                       : args_main.c.obj (.text)
                  00009e9e    00000011                       : s_copysignf.c.obj (.text)
                  00009eaf    00000010                       : memccpy.c.obj (.text)
                  00009ebf    0000000e                       : fd_sub28.asm.obj (.text)
                  00009ecd    0000000c                       : strchr.c.obj (.text)
                  00009ed9    00000009                       : _lock.c.obj (.text)
                  00009ee2    00000009                       : fd_neg28.asm.obj (.text)
                  00009eeb    00000009                       : wcslen.c.obj (.text)
                  00009ef4    00000008     F2806x_CodeStartBranch.obj (.text)
                  00009efc    00000008     rts2800_fpu32.lib : strlen.c.obj (.text)
                  00009f04    00000007                       : memset.c.obj (.text)
                  00009f0b    00000005                       : strcpy.c.obj (.text)
                  00009f10    00000004                       : atof.c.obj (.text)
                  00009f14    00000002                       : pre_init.c.obj (.text)
                  00009f16    00000001                       : startup.c.obj (.text)

.econst    0    00009f18    000003c0     
                  00009f18    00000117     Example_2806xSci_Echoback.obj (.econst:.string)
                  0000a02f    00000101     rts2800_fpu32.lib : ctype.c.obj (.econst:.string:__ctypes_)
                  0000a130    00000100     F2806x_PieVect.obj (.econst:_PieVectTableInit)
                  0000a230    00000026     rts2800_fpu32.lib : _printfi.c.obj (.econst:.string)
                  0000a256    00000020                       : strtod.c.obj (.econst:_digits)
                  0000a276    0000001c                       : _printfi.c.obj (.econst)
                  0000a292    0000001c                       : s_scalbn.c.obj (.econst)
                  0000a2ae    00000010     Example_2806xSci_Echoback.obj (.econst:_$P$T0$1)
                  0000a2be    0000000c     rts2800_fpu32.lib : strtod.c.obj (.econst:_powerof10)
                  0000a2ca    00000008                       : s_frexp.c.obj (.econst)
                  0000a2d2    00000006                       : s_scalbnf.c.obj (.econst)

.ebss      0    0000a2d8    0000000d     UNINITIALIZED
                  0000a2d8    00000006     rts2800_fpu32.lib : exit.c.obj (.ebss)
                  0000a2de    00000002     Example_2806xSci_Echoback.obj (.ebss)
                  0000a2e0    00000002     rts2800_fpu32.lib : _lock.c.obj (.ebss:__lock)
                  0000a2e2    00000002                       : _lock.c.obj (.ebss:__unlock)
                  0000a2e4    00000001                       : errno.c.obj (.ebss)

DevEmuRegsFile 
*          1    00000880    00000004     UNINITIALIZED
                  00000880    00000004     F2806x_GlobalVariableDefs.obj (DevEmuRegsFile)

SysPwrCtrlRegsFile 
*          1    00000985    00000003     UNINITIALIZED
                  00000985    00000003     F2806x_GlobalVariableDefs.obj (SysPwrCtrlRegsFile)

FlashRegsFile 
*          1    00000a80    00000008     UNINITIALIZED
                  00000a80    00000008     F2806x_GlobalVariableDefs.obj (FlashRegsFile)

CsmRegsFile 
*          1    00000ae0    00000010     UNINITIALIZED
                  00000ae0    00000010     F2806x_GlobalVariableDefs.obj (CsmRegsFile)

AdcResultFile 
*          1    00000b00    00000010     UNINITIALIZED
                  00000b00    00000010     F2806x_GlobalVariableDefs.obj (AdcResultFile)

CpuTimer0RegsFile 
*          1    00000c00    00000008     UNINITIALIZED
                  00000c00    00000008     F2806x_GlobalVariableDefs.obj (CpuTimer0RegsFile)

CpuTimer1RegsFile 
*          1    00000c08    00000008     UNINITIALIZED
                  00000c08    00000008     F2806x_GlobalVariableDefs.obj (CpuTimer1RegsFile)

CpuTimer2RegsFile 
*          1    00000c10    00000008     UNINITIALIZED
                  00000c10    00000008     F2806x_GlobalVariableDefs.obj (CpuTimer2RegsFile)

PieCtrlRegsFile 
*          1    00000ce0    0000001a     UNINITIALIZED
                  00000ce0    0000001a     F2806x_GlobalVariableDefs.obj (PieCtrlRegsFile)

PieVectTableFile 
*          1    00000d00    00000100     UNINITIALIZED
                  00000d00    00000100     F2806x_GlobalVariableDefs.obj (PieVectTableFile)

EmuKeyVar 
*          1    00000d00    00000001     UNINITIALIZED
                  00000d00    00000001     F2806x_GlobalVariableDefs.obj (EmuKeyVar)

EmuBModeVar 
*          1    00000d01    00000001     UNINITIALIZED
                  00000d01    00000001     F2806x_GlobalVariableDefs.obj (EmuBModeVar)

FlashCallbackVar 
*          1    00000d02    00000002     UNINITIALIZED
                  00000d02    00000002     F2806x_GlobalVariableDefs.obj (FlashCallbackVar)

FlashScalingVar 
*          1    00000d04    00000002     UNINITIALIZED
                  00000d04    00000002     F2806x_GlobalVariableDefs.obj (FlashScalingVar)

DmaRegsFile 
*          1    00001000    000000e0     UNINITIALIZED
                  00001000    000000e0     F2806x_GlobalVariableDefs.obj (DmaRegsFile)

Cla1RegsFile 
*          1    00001400    00000040     UNINITIALIZED
                  00001400    00000040     F2806x_GlobalVariableDefs.obj (Cla1RegsFile)

Usb0RegsFile 
*          1    00004000    00000454     UNINITIALIZED
                  00004000    00000454     F2806x_GlobalVariableDefs.obj (Usb0RegsFile)

McbspaRegsFile 
*          1    00005000    00000024     UNINITIALIZED
                  00005000    00000024     F2806x_GlobalVariableDefs.obj (McbspaRegsFile)

ECanaRegsFile 
*          1    00006000    00000034     UNINITIALIZED
                  00006000    00000034     F2806x_GlobalVariableDefs.obj (ECanaRegsFile)

ECanaLAMRegsFile 
*          1    00006040    00000040     UNINITIALIZED
                  00006040    00000040     F2806x_GlobalVariableDefs.obj (ECanaLAMRegsFile)

ECanaMOTSRegsFile 
*          1    00006080    00000040     UNINITIALIZED
                  00006080    00000040     F2806x_GlobalVariableDefs.obj (ECanaMOTSRegsFile)

ECanaMOTORegsFile 
*          1    000060c0    00000040     UNINITIALIZED
                  000060c0    00000040     F2806x_GlobalVariableDefs.obj (ECanaMOTORegsFile)

ECanaMboxesFile 
*          1    00006100    00000100     UNINITIALIZED
                  00006100    00000100     F2806x_GlobalVariableDefs.obj (ECanaMboxesFile)

Comp1RegsFile 
*          1    00006400    00000014     UNINITIALIZED
                  00006400    00000014     F2806x_GlobalVariableDefs.obj (Comp1RegsFile)

Comp2RegsFile 
*          1    00006420    00000014     UNINITIALIZED
                  00006420    00000014     F2806x_GlobalVariableDefs.obj (Comp2RegsFile)

Comp3RegsFile 
*          1    00006440    00000014     UNINITIALIZED
                  00006440    00000014     F2806x_GlobalVariableDefs.obj (Comp3RegsFile)

EPwm1RegsFile 
*          1    00006800    00000040     UNINITIALIZED
                  00006800    00000040     F2806x_GlobalVariableDefs.obj (EPwm1RegsFile)

EPwm2RegsFile 
*          1    00006840    00000040     UNINITIALIZED
                  00006840    00000040     F2806x_GlobalVariableDefs.obj (EPwm2RegsFile)

EPwm3RegsFile 
*          1    00006880    00000040     UNINITIALIZED
                  00006880    00000040     F2806x_GlobalVariableDefs.obj (EPwm3RegsFile)

EPwm4RegsFile 
*          1    000068c0    00000040     UNINITIALIZED
                  000068c0    00000040     F2806x_GlobalVariableDefs.obj (EPwm4RegsFile)

EPwm5RegsFile 
*          1    00006900    00000040     UNINITIALIZED
                  00006900    00000040     F2806x_GlobalVariableDefs.obj (EPwm5RegsFile)

EPwm6RegsFile 
*          1    00006940    00000040     UNINITIALIZED
                  00006940    00000040     F2806x_GlobalVariableDefs.obj (EPwm6RegsFile)

EPwm7RegsFile 
*          1    00006980    00000040     UNINITIALIZED
                  00006980    00000040     F2806x_GlobalVariableDefs.obj (EPwm7RegsFile)

EPwm8RegsFile 
*          1    000069c0    00000040     UNINITIALIZED
                  000069c0    00000040     F2806x_GlobalVariableDefs.obj (EPwm8RegsFile)

ECap1RegsFile 
*          1    00006a00    00000020     UNINITIALIZED
                  00006a00    00000020     F2806x_GlobalVariableDefs.obj (ECap1RegsFile)

ECap2RegsFile 
*          1    00006a20    00000020     UNINITIALIZED
                  00006a20    00000020     F2806x_GlobalVariableDefs.obj (ECap2RegsFile)

ECap3RegsFile 
*          1    00006a40    00000020     UNINITIALIZED
                  00006a40    00000020     F2806x_GlobalVariableDefs.obj (ECap3RegsFile)

HRCap1RegsFile 
*          1    00006ac0    00000020     UNINITIALIZED
                  00006ac0    00000020     F2806x_GlobalVariableDefs.obj (HRCap1RegsFile)

HRCap2RegsFile 
*          1    00006ae0    00000020     UNINITIALIZED
                  00006ae0    00000020     F2806x_GlobalVariableDefs.obj (HRCap2RegsFile)

EQep1RegsFile 
*          1    00006b00    00000022     UNINITIALIZED
                  00006b00    00000022     F2806x_GlobalVariableDefs.obj (EQep1RegsFile)

EQep2RegsFile 
*          1    00006b40    00000022     UNINITIALIZED
                  00006b40    00000022     F2806x_GlobalVariableDefs.obj (EQep2RegsFile)

HRCap3RegsFile 
*          1    00006c80    00000020     UNINITIALIZED
                  00006c80    00000020     F2806x_GlobalVariableDefs.obj (HRCap3RegsFile)

HRCap4RegsFile 
*          1    00006ca0    00000020     UNINITIALIZED
                  00006ca0    00000020     F2806x_GlobalVariableDefs.obj (HRCap4RegsFile)

GpioCtrlRegsFile 
*          1    00006f80    00000040     UNINITIALIZED
                  00006f80    00000040     F2806x_GlobalVariableDefs.obj (GpioCtrlRegsFile)

GpioDataRegsFile 
*          1    00006fc0    00000020     UNINITIALIZED
                  00006fc0    00000020     F2806x_GlobalVariableDefs.obj (GpioDataRegsFile)

GpioIntRegsFile 
*          1    00006fe0    00000020     UNINITIALIZED
                  00006fe0    00000020     F2806x_GlobalVariableDefs.obj (GpioIntRegsFile)

SysCtrlRegsFile 
*          1    00007010    00000030     UNINITIALIZED
                  00007010    00000030     F2806x_GlobalVariableDefs.obj (SysCtrlRegsFile)

SpiaRegsFile 
*          1    00007040    00000010     UNINITIALIZED
                  00007040    00000010     F2806x_GlobalVariableDefs.obj (SpiaRegsFile)

SciaRegsFile 
*          1    00007050    00000010     UNINITIALIZED
                  00007050    00000010     F2806x_GlobalVariableDefs.obj (SciaRegsFile)

NmiIntruptRegsFile 
*          1    00007060    00000010     UNINITIALIZED
                  00007060    00000010     F2806x_GlobalVariableDefs.obj (NmiIntruptRegsFile)

XIntruptRegsFile 
*          1    00007070    00000010     UNINITIALIZED
                  00007070    00000010     F2806x_GlobalVariableDefs.obj (XIntruptRegsFile)

AdcRegsFile 
*          1    00007100    00000050     UNINITIALIZED
                  00007100    00000050     F2806x_GlobalVariableDefs.obj (AdcRegsFile)

SpibRegsFile 
*          1    00007740    00000010     UNINITIALIZED
                  00007740    00000010     F2806x_GlobalVariableDefs.obj (SpibRegsFile)

ScibRegsFile 
*          1    00007750    00000010     UNINITIALIZED
                  00007750    00000010     F2806x_GlobalVariableDefs.obj (ScibRegsFile)

I2caRegsFile 
*          1    00007900    00000022     UNINITIALIZED
                  00007900    00000022     F2806x_GlobalVariableDefs.obj (I2caRegsFile)

PartIdRegsFile 
*          1    003d7e80    00000001     UNINITIALIZED
                  003d7e80    00000001     F2806x_GlobalVariableDefs.obj (PartIdRegsFile)

CsmPwlFile 
*          1    003f7ff8    00000008     UNINITIALIZED
                  003f7ff8    00000008     F2806x_GlobalVariableDefs.obj (CsmPwlFile)

.pinit     0    00000050    00000000     UNINITIALIZED

.reset     0    003fffc0    00000002     DSECT
                  003fffc0    00000002     rts2800_fpu32.lib : boot28.asm.obj (.reset)

.stack     1    00000400    00000200     UNINITIALIZED
                  00000400    00000200     --HOLE--

MODULE SUMMARY

       Module                          code   initialized data   uninitialized data
       ------                          ----   ----------------   ------------------
    .\
       F2806x_GlobalVariableDefs.obj   0      0                  3550              
       Example_2806xSci_Echoback.obj   757    295                2                 
       F2806x_DefaultIsr.obj           923    0                  0                 
       F2806x_SysCtrl.obj              400    0                  0                 
       F2806x_PieVect.obj              38     256                0                 
       F2806x_Sci.obj                  48     0                  0                 
       F2806x_PieCtrl.obj              40     0                  0                 
       F2806x_CodeStartBranch.obj      10     0                  0                 
       F2806x_usDelay.obj              4      0                  0                 
    +--+-------------------------------+------+------------------+--------------------+
       Total:                          2220   551                3552              
                                                                                   
    C:/ti/ccs1271/ccs/tools/compiler/ti-cgt-c2000_22.6.1.LTS/lib/rts2800_fpu32.lib
       _printfi.c.obj                  3269   66                 0                 
       strtod.c.obj                    511    44                 0                 
       ll_div28.asm.obj                263    0                  0                 
       ctype.c.obj                     0      257                0                 
       s_scalbn.c.obj                  169    28                 0                 
       fd_add28.asm.obj                156    0                  0                 
       fd_div28.asm.obj                139    0                  0                 
       fs_div28.asm.obj                136    0                  0                 
       fd_mpy28.asm.obj                131    0                  0                 
       s_frexp.c.obj                   90     8                  0                 
       s_scalbnf.c.obj                 88     6                  0                 
       boot28.asm.obj                  86     0                  0                 
       exit.c.obj                      41     14                 6                 
       sprintf.c.obj                   50     0                  0                 
       atoi.c.obj                      49     0                  0                 
       _ltoa.c.obj                     48     0                  0                 
       fd_cmp28.asm.obj                42     0                  0                 
       l_div28.asm.obj                 42     0                  0                 
       cpy_tbl.c.obj                   36     0                  0                 
       s_copysign.c.obj                36     0                  0                 
       fd_toi28.asm.obj                33     0                  0                 
       fd_tol28.asm.obj                31     0                  0                 
       ll_cmp28.asm.obj                30     0                  0                 
       i_tofd28.asm.obj                29     0                  0                 
       memcpy.c.obj                    29     0                  0                 
       fs_tofdfpu32.asm.obj            28     0                  0                 
       l_tofd28.asm.obj                28     0                  0                 
       ll_aox28.asm.obj                24     0                  0                 
       _lock.c.obj                     9      10                 4                 
       args_main.c.obj                 18     0                  0                 
       s_copysignf.c.obj               17     0                  0                 
       memccpy.c.obj                   16     0                  0                 
       fd_sub28.asm.obj                14     0                  0                 
       strchr.c.obj                    12     0                  0                 
       fd_neg28.asm.obj                9      0                  0                 
       wcslen.c.obj                    9      0                  0                 
       strlen.c.obj                    8      0                  0                 
       memset.c.obj                    7      0                  0                 
       errno.c.obj                     0      4                  1                 
       strcpy.c.obj                    5      0                  0                 
       atof.c.obj                      4      0                  0                 
       pre_init.c.obj                  2      0                  0                 
       startup.c.obj                   1      0                  0                 
    +--+-------------------------------+------+------------------+--------------------+
       Total:                          5745   437                11                
                                                                                   
       Stack:                          0      0                  512               
    +--+-------------------------------+------+------------------+--------------------+
       Grand Total:                    7965   988                4075              


GLOBAL DATA SYMBOLS: SORTED BY DATA PAGE

address     data page           name
--------    ----------------    ----
00000400      10 (00000400)     __stack

00000880      22 (00000880)     _DevEmuRegs

00000985      26 (00000980)     _SysPwrCtrlRegs

00000a80      2a (00000a80)     _FlashRegs

00000ae0      2b (00000ac0)     _CsmRegs

00000b00      2c (00000b00)     _AdcResult

00000c00      30 (00000c00)     _CpuTimer0Regs
00000c08      30 (00000c00)     _CpuTimer1Regs
00000c10      30 (00000c00)     _CpuTimer2Regs

00000ce0      33 (00000cc0)     _PieCtrlRegs

00000d00      34 (00000d00)     _EmuKey
00000d00      34 (00000d00)     _PieVectTable
00000d01      34 (00000d00)     _EmuBMode
00000d02      34 (00000d00)     _Flash_CallbackPtr
00000d04      34 (00000d00)     _Flash_CPUScaleFactor

00001000      40 (00001000)     _DmaRegs

00001400      50 (00001400)     _Cla1Regs

00004000     100 (00004000)     _Usb0Regs

00005000     140 (00005000)     _McbspaRegs

00006000     180 (00006000)     _ECanaRegs

00006040     181 (00006040)     _ECanaLAMRegs

00006080     182 (00006080)     _ECanaMOTSRegs

000060c0     183 (000060c0)     _ECanaMOTORegs

00006100     184 (00006100)     _ECanaMboxes

00006400     190 (00006400)     _Comp1Regs
00006420     190 (00006400)     _Comp2Regs

00006440     191 (00006440)     _Comp3Regs

00006800     1a0 (00006800)     _EPwm1Regs

00006840     1a1 (00006840)     _EPwm2Regs

00006880     1a2 (00006880)     _EPwm3Regs

000068c0     1a3 (000068c0)     _EPwm4Regs

00006900     1a4 (00006900)     _EPwm5Regs

00006940     1a5 (00006940)     _EPwm6Regs

00006980     1a6 (00006980)     _EPwm7Regs

000069c0     1a7 (000069c0)     _EPwm8Regs

00006a00     1a8 (00006a00)     _ECap1Regs
00006a20     1a8 (00006a00)     _ECap2Regs

00006a40     1a9 (00006a40)     _ECap3Regs

00006ac0     1ab (00006ac0)     _HRCap1Regs
00006ae0     1ab (00006ac0)     _HRCap2Regs

00006b00     1ac (00006b00)     _EQep1Regs

00006b40     1ad (00006b40)     _EQep2Regs

00006c80     1b2 (00006c80)     _HRCap3Regs
00006ca0     1b2 (00006c80)     _HRCap4Regs

00006f80     1be (00006f80)     _GpioCtrlRegs

00006fc0     1bf (00006fc0)     _GpioDataRegs
00006fe0     1bf (00006fc0)     _GpioIntRegs

00007010     1c0 (00007000)     _SysCtrlRegs

00007040     1c1 (00007040)     _SpiaRegs
00007050     1c1 (00007040)     _SciaRegs
00007060     1c1 (00007040)     _NmiIntruptRegs
00007070     1c1 (00007040)     _XIntruptRegs

00007100     1c4 (00007100)     _AdcRegs

00007740     1dd (00007740)     _SpibRegs
00007750     1dd (00007740)     _ScibRegs

00007900     1e4 (00007900)     _I2caRegs

0000a02f     280 (0000a000)     __ctypes_

0000a130     284 (0000a100)     _PieVectTableInit

0000a2d8     28b (0000a2c0)     ___TI_enable_exit_profile_output
0000a2da     28b (0000a2c0)     ___TI_cleanup_ptr
0000a2dc     28b (0000a2c0)     ___TI_dtors_ptr
0000a2de     28b (0000a2c0)     _LoopCount
0000a2df     28b (0000a2c0)     _ErrorCount
0000a2e0     28b (0000a2c0)     __lock
0000a2e2     28b (0000a2c0)     __unlock
0000a2e4     28b (0000a2c0)     _errno

003d7e80    f5fa (003d7e80)     _PartIdRegs

003f7ff8    fdff (003f7fc0)     _CsmPwl


GLOBAL SYMBOLS: SORTED ALPHABETICALLY BY Name 

page  address   name                            
----  -------   ----                            
0     00008000  .text                           
0     00009ce5  C$$EXIT                         
0     00009894  FD$$ADD                         
0     00009c91  FD$$CMP                         
0     00009930  FD$$DIV                         
0     00009a43  FD$$MPY                         
0     00009ee2  FD$$NEG                         
0     00009ebf  FD$$SUB                         
0     00009da4  FD$$TOI                         
0     00009dc5  FD$$TOL                         
0     000099bb  FS$$DIV                         
0     00009e3c  FS$$TOFD                        
0     00009e02  I$$TOFD                         
0     00009cbb  L$$DIV                          
0     00009cca  L$$MOD                          
0     00009e58  L$$TOFD                         
0     00009e74  LL$$AND                         
0     00009de4  LL$$CMP                         
0     000096e4  LL$$DIV                         
0     00009720  LL$$MOD                         
0     00009e7c  LL$$OR                          
0     00009e84  LL$$XOR                         
0     00009cd8  UL$$DIV                         
0     00009cdf  UL$$MOD                         
0     00009df6  ULL$$CMP                        
0     0000975a  ULL$$DIV                        
0     00009789  ULL$$MOD                        
0     00008d83  _ADCINT1_ISR                    
0     00008d8d  _ADCINT2_ISR                    
0     00008f95  _ADCINT3_ISR                    
0     00008f9f  _ADCINT4_ISR                    
0     00008fa9  _ADCINT5_ISR                    
0     00008fb3  _ADCINT6_ISR                    
0     00008fbd  _ADCINT7_ISR                    
0     00008fc7  _ADCINT8_ISR                    
0     00008dab  _ADCINT9_ISR                    
1     00007100  _AdcRegs                        
1     00000b00  _AdcResult                      
0     00008fd1  _CLA1_INT1_ISR                  
0     00008fdb  _CLA1_INT2_ISR                  
0     00008fe5  _CLA1_INT3_ISR                  
0     00008fef  _CLA1_INT4_ISR                  
0     00008ff9  _CLA1_INT5_ISR                  
0     00009003  _CLA1_INT6_ISR                  
0     0000900d  _CLA1_INT7_ISR                  
0     00009017  _CLA1_INT8_ISR                  
1     00001400  _Cla1Regs                       
1     00006400  _Comp1Regs                      
1     00006420  _Comp2Regs                      
1     00006440  _Comp3Regs                      
1     00000c00  _CpuTimer0Regs                  
1     00000c08  _CpuTimer1Regs                  
1     00000c10  _CpuTimer2Regs                  
1     003f7ff8  _CsmPwl                         
1     00000ae0  _CsmRegs                        
0     00009658  _CsmUnlock                      
0     00008cd9  _DATALOG_ISR                    
0     00008f09  _DINTCH1_ISR                    
0     00008f13  _DINTCH2_ISR                    
0     00008f1d  _DINTCH3_ISR                    
0     00008f27  _DINTCH4_ISR                    
0     00008f31  _DINTCH5_ISR                    
0     00008f3b  _DINTCH6_ISR                    
0     0000006e  _DSP28x_usDelay                 
1     00000880  _DevEmuRegs                     
0     00009578  _DisableDog                     
1     00001000  _DmaRegs                        
0     00008f81  _ECAN0INTA_ISR                  
0     00008f8b  _ECAN1INTA_ISR                  
0     00008e69  _ECAP1_INT_ISR                  
0     00008e73  _ECAP2_INT_ISR                  
0     00008e7d  _ECAP3_INT_ISR                  
1     00006040  _ECanaLAMRegs                   
1     000060c0  _ECanaMOTORegs                  
1     00006080  _ECanaMOTSRegs                  
1     00006100  _ECanaMboxes                    
1     00006000  _ECanaRegs                      
1     00006a00  _ECap1Regs                      
1     00006a20  _ECap2Regs                      
1     00006a40  _ECap3Regs                      
0     0000903f  _EMPTY_ISR                      
0     00008ced  _EMUINT_ISR                     
0     00008e19  _EPWM1_INT_ISR                  
0     00008dc9  _EPWM1_TZINT_ISR                
0     00008e23  _EPWM2_INT_ISR                  
0     00008dd3  _EPWM2_TZINT_ISR                
0     00008e2d  _EPWM3_INT_ISR                  
0     00008ddd  _EPWM3_TZINT_ISR                
0     00008e37  _EPWM4_INT_ISR                  
0     00008de7  _EPWM4_TZINT_ISR                
0     00008e41  _EPWM5_INT_ISR                  
0     00008df1  _EPWM5_TZINT_ISR                
0     00008e4b  _EPWM6_INT_ISR                  
0     00008dfb  _EPWM6_TZINT_ISR                
0     00008e55  _EPWM7_INT_ISR                  
0     00008e05  _EPWM7_TZINT_ISR                
0     00008e5f  _EPWM8_INT_ISR                  
0     00008e0f  _EPWM8_TZINT_ISR                
1     00006800  _EPwm1Regs                      
1     00006840  _EPwm2Regs                      
1     00006880  _EPwm3Regs                      
1     000068c0  _EPwm4Regs                      
1     00006900  _EPwm5Regs                      
1     00006940  _EPwm6Regs                      
1     00006980  _EPwm7Regs                      
1     000069c0  _EPwm8Regs                      
0     00008e9b  _EQEP1_INT_ISR                  
0     00008ea5  _EQEP2_INT_ISR                  
1     00006b00  _EQep1Regs                      
1     00006b40  _EQep2Regs                      
1     00000d01  _EmuBMode                       
1     00000d00  _EmuKey                         
0     00009d2d  _EnableInterrupts               
0     0000a2df  _ErrorCount                     
0     000096ce  _ExtOscSel                      
1     00000a80  _FlashRegs                      
1     00000d04  _Flash_CPUScaleFactor           
1     00000d02  _Flash_CallbackPtr              
1     00006f80  _GpioCtrlRegs                   
1     00006fc0  _GpioDataRegs                   
1     00006fe0  _GpioIntRegs                    
0     00008e87  _HRCAP1_INT_ISR                 
0     00008e91  _HRCAP2_INT_ISR                 
0     00008eaf  _HRCAP3_INT_ISR                 
0     00008eb9  _HRCAP4_INT_ISR                 
1     00006ac0  _HRCap1Regs                     
1     00006ae0  _HRCap2Regs                     
1     00006c80  _HRCap3Regs                     
1     00006ca0  _HRCap4Regs                     
0     00008f45  _I2CINT1A_ISR                   
0     00008f4f  _I2CINT2A_ISR                   
1     00007900  _I2caRegs                       
0     00008d01  _ILLEGAL_ISR                    
0     00008cc5  _INT13_ISR                      
0     00008ccf  _INT14_ISR                      
0     00009602  _InitPeripheralClocks           
0     00009d0e  _InitPieCtrl                    
0     00009d36  _InitPieVectTable               
0     00009580  _InitPll                        
0     000095d4  _InitPll2                       
0     00009c31  _InitSci                        
0     00009c32  _InitSciGpio                    
0     00009c37  _InitSciaGpio                   
0     00009c4d  _InitScibGpio                   
0     00009554  _InitSysCtrl                    
0     00009689  _IntOsc1Sel                     
0     00009699  _IntOsc2Sel                     
0     00009035  _LUF_ISR                        
0     0000902b  _LVF_ISR                        
0     0000a2de  _LoopCount                      
0     00008ef5  _MRINTA_ISR                     
0     00008eff  _MXINTA_ISR                     
1     00005000  _McbspaRegs                     
0     00008cf7  _NMI_ISR                        
1     00007060  _NmiIntruptRegs                 
0     0000904c  _PIE_RESERVED                   
1     003d7e80  _PartIdRegs                     
1     00000ce0  _PieCtrlRegs                    
1     00000d00  _PieVectTable                   
0     0000a130  _PieVectTableInit               
0     00008ce3  _RTOSINT_ISR                    
0     00000072  _RamfuncsLoadEnd                
abs   00000004  _RamfuncsLoadSize               
0     0000006e  _RamfuncsLoadStart              
0     0000006e  _RamfuncsRunStart               
0     00008f59  _SCIRXINTA_ISR                  
0     00008f6d  _SCIRXINTB_ISR                  
0     00008f63  _SCITXINTA_ISR                  
0     00008f77  _SCITXINTB_ISR                  
0     00008ecd  _SPIRXINTA_ISR                  
0     00008ee1  _SPIRXINTB_ISR                  
0     00008ed7  _SPITXINTA_ISR                  
0     00008eeb  _SPITXINTB_ISR                  
1     00007050  _SciaRegs                       
1     00007750  _ScibRegs                       
0     0000956e  _ServiceDog                     
1     00007040  _SpiaRegs                       
1     00007740  _SpibRegs                       
1     00007010  _SysCtrlRegs                    
1     00000985  _SysPwrCtrlRegs                 
0     00008db5  _TINT0_ISR                      
0     00008ec3  _USB0_INT_ISR                   
0     00008d65  _USER10_ISR                     
0     00008d6f  _USER11_ISR                     
0     00008d79  _USER12_ISR                     
0     00008d0b  _USER1_ISR                      
0     00008d15  _USER2_ISR                      
0     00008d1f  _USER3_ISR                      
0     00008d29  _USER4_ISR                      
0     00008d33  _USER5_ISR                      
0     00008d3d  _USER6_ISR                      
0     00008d47  _USER7_ISR                      
0     00008d51  _USER8_ISR                      
0     00008d5b  _USER9_ISR                      
1     00004000  _Usb0Regs                       
0     00008dbf  _WAKEINT_ISR                    
0     00008d97  _XINT1_ISR                      
0     00008da1  _XINT2_ISR                      
0     00009021  _XINT3_ISR                      
1     00007070  _XIntruptRegs                   
0     000096b3  _XtalOscSel                     
1     00000600  __STACK_END                     
abs   00000200  __STACK_SIZE                    
0     0000a2da  ___TI_cleanup_ptr               
0     0000a2dc  ___TI_dtors_ptr                 
0     0000a2d8  ___TI_enable_exit_profile_output
0     00009c61  ___TI_ltoa                      
abs   ffffffff  ___TI_pprof_out_hndl            
0     00008b40  ___TI_printfi                   
abs   ffffffff  ___TI_prof_data_size            
abs   ffffffff  ___TI_prof_data_start           
abs   ffffffff  ___binit__                      
abs   ffffffff  ___c_args__                     
0     00000050  ___cinit__                      
0     00009f17  ___etext__                      
abs   ffffffff  ___pinit__                      
0     00008000  ___text__                       
0     00009e8c  __args_main                     
0     0000a02f  __ctypes_                       
0     0000a2e0  __lock                          
0     00009ee1  __nop                           
0     00009edd  __register_lock                 
0     00009ed9  __register_unlock               
1     00000400  __stack                         
0     00009f16  __system_post_cinit             
0     00009f14  __system_pre_init               
0     0000a2e2  __unlock                        
0     00009ce5  _abort                          
0     00009f10  _atof                           
0     00009c00  _atoi                           
0     00009b78  _c_int00                        
0     00009d5c  _copy_in                        
0     00009e9e  _copysign                       
0     00009e9e  _copysignf                      
0     00009d80  _copysignl                      
0     0000a2e4  _errno                          
0     00009ce7  _exit                           
0     00009ac6  _frexpl                         
0     00009b20  _ldexp                          
0     00009b20  _ldexpf                         
0     000097eb  _ldexpl                         
0     00009060  _main                           
0     00009eaf  _memccpy                        
0     00009e1f  _memcpy                         
0     00009f04  _memset                         
0     00009292  _populate_variable              
0     00009056  _rsvd_ISR                       
0     00009b20  _scalbn                         
0     00009b20  _scalbnf                        
0     000097eb  _scalbnl                        
0     0000931d  _scia_echoback_init             
0     0000934d  _scia_fifo_init                 
0     0000933a  _scia_msg                       
0     0000932e  _scia_xmit                      
0     00009bce  _sprintf                        
0     00009ecd  _strchr                         
0     00009f0b  _strcpy                         
0     00009efc  _strlen                         
0     00009355  _strtod                         
0     00009355  _strtof                         
0     00009eeb  _wcslen                         
abs   ffffffff  binit                           
0     00000050  cinit                           
0     00000000  code_start                      
0     00009f17  etext                           
abs   ffffffff  pinit                           


GLOBAL SYMBOLS: SORTED BY Symbol Address 

page  address   name                            
----  -------   ----                            
0     00000000  code_start                      
0     00000050  ___cinit__                      
0     00000050  cinit                           
0     0000006e  _DSP28x_usDelay                 
0     0000006e  _RamfuncsLoadStart              
0     0000006e  _RamfuncsRunStart               
0     00000072  _RamfuncsLoadEnd                
0     00008000  .text                           
0     00008000  ___text__                       
0     00008b40  ___TI_printfi                   
0     00008cc5  _INT13_ISR                      
0     00008ccf  _INT14_ISR                      
0     00008cd9  _DATALOG_ISR                    
0     00008ce3  _RTOSINT_ISR                    
0     00008ced  _EMUINT_ISR                     
0     00008cf7  _NMI_ISR                        
0     00008d01  _ILLEGAL_ISR                    
0     00008d0b  _USER1_ISR                      
0     00008d15  _USER2_ISR                      
0     00008d1f  _USER3_ISR                      
0     00008d29  _USER4_ISR                      
0     00008d33  _USER5_ISR                      
0     00008d3d  _USER6_ISR                      
0     00008d47  _USER7_ISR                      
0     00008d51  _USER8_ISR                      
0     00008d5b  _USER9_ISR                      
0     00008d65  _USER10_ISR                     
0     00008d6f  _USER11_ISR                     
0     00008d79  _USER12_ISR                     
0     00008d83  _ADCINT1_ISR                    
0     00008d8d  _ADCINT2_ISR                    
0     00008d97  _XINT1_ISR                      
0     00008da1  _XINT2_ISR                      
0     00008dab  _ADCINT9_ISR                    
0     00008db5  _TINT0_ISR                      
0     00008dbf  _WAKEINT_ISR                    
0     00008dc9  _EPWM1_TZINT_ISR                
0     00008dd3  _EPWM2_TZINT_ISR                
0     00008ddd  _EPWM3_TZINT_ISR                
0     00008de7  _EPWM4_TZINT_ISR                
0     00008df1  _EPWM5_TZINT_ISR                
0     00008dfb  _EPWM6_TZINT_ISR                
0     00008e05  _EPWM7_TZINT_ISR                
0     00008e0f  _EPWM8_TZINT_ISR                
0     00008e19  _EPWM1_INT_ISR                  
0     00008e23  _EPWM2_INT_ISR                  
0     00008e2d  _EPWM3_INT_ISR                  
0     00008e37  _EPWM4_INT_ISR                  
0     00008e41  _EPWM5_INT_ISR                  
0     00008e4b  _EPWM6_INT_ISR                  
0     00008e55  _EPWM7_INT_ISR                  
0     00008e5f  _EPWM8_INT_ISR                  
0     00008e69  _ECAP1_INT_ISR                  
0     00008e73  _ECAP2_INT_ISR                  
0     00008e7d  _ECAP3_INT_ISR                  
0     00008e87  _HRCAP1_INT_ISR                 
0     00008e91  _HRCAP2_INT_ISR                 
0     00008e9b  _EQEP1_INT_ISR                  
0     00008ea5  _EQEP2_INT_ISR                  
0     00008eaf  _HRCAP3_INT_ISR                 
0     00008eb9  _HRCAP4_INT_ISR                 
0     00008ec3  _USB0_INT_ISR                   
0     00008ecd  _SPIRXINTA_ISR                  
0     00008ed7  _SPITXINTA_ISR                  
0     00008ee1  _SPIRXINTB_ISR                  
0     00008eeb  _SPITXINTB_ISR                  
0     00008ef5  _MRINTA_ISR                     
0     00008eff  _MXINTA_ISR                     
0     00008f09  _DINTCH1_ISR                    
0     00008f13  _DINTCH2_ISR                    
0     00008f1d  _DINTCH3_ISR                    
0     00008f27  _DINTCH4_ISR                    
0     00008f31  _DINTCH5_ISR                    
0     00008f3b  _DINTCH6_ISR                    
0     00008f45  _I2CINT1A_ISR                   
0     00008f4f  _I2CINT2A_ISR                   
0     00008f59  _SCIRXINTA_ISR                  
0     00008f63  _SCITXINTA_ISR                  
0     00008f6d  _SCIRXINTB_ISR                  
0     00008f77  _SCITXINTB_ISR                  
0     00008f81  _ECAN0INTA_ISR                  
0     00008f8b  _ECAN1INTA_ISR                  
0     00008f95  _ADCINT3_ISR                    
0     00008f9f  _ADCINT4_ISR                    
0     00008fa9  _ADCINT5_ISR                    
0     00008fb3  _ADCINT6_ISR                    
0     00008fbd  _ADCINT7_ISR                    
0     00008fc7  _ADCINT8_ISR                    
0     00008fd1  _CLA1_INT1_ISR                  
0     00008fdb  _CLA1_INT2_ISR                  
0     00008fe5  _CLA1_INT3_ISR                  
0     00008fef  _CLA1_INT4_ISR                  
0     00008ff9  _CLA1_INT5_ISR                  
0     00009003  _CLA1_INT6_ISR                  
0     0000900d  _CLA1_INT7_ISR                  
0     00009017  _CLA1_INT8_ISR                  
0     00009021  _XINT3_ISR                      
0     0000902b  _LVF_ISR                        
0     00009035  _LUF_ISR                        
0     0000903f  _EMPTY_ISR                      
0     0000904c  _PIE_RESERVED                   
0     00009056  _rsvd_ISR                       
0     00009060  _main                           
0     00009292  _populate_variable              
0     0000931d  _scia_echoback_init             
0     0000932e  _scia_xmit                      
0     0000933a  _scia_msg                       
0     0000934d  _scia_fifo_init                 
0     00009355  _strtod                         
0     00009355  _strtof                         
0     00009554  _InitSysCtrl                    
0     0000956e  _ServiceDog                     
0     00009578  _DisableDog                     
0     00009580  _InitPll                        
0     000095d4  _InitPll2                       
0     00009602  _InitPeripheralClocks           
0     00009658  _CsmUnlock                      
0     00009689  _IntOsc1Sel                     
0     00009699  _IntOsc2Sel                     
0     000096b3  _XtalOscSel                     
0     000096ce  _ExtOscSel                      
0     000096e4  LL$$DIV                         
0     00009720  LL$$MOD                         
0     0000975a  ULL$$DIV                        
0     00009789  ULL$$MOD                        
0     000097eb  _ldexpl                         
0     000097eb  _scalbnl                        
0     00009894  FD$$ADD                         
0     00009930  FD$$DIV                         
0     000099bb  FS$$DIV                         
0     00009a43  FD$$MPY                         
0     00009ac6  _frexpl                         
0     00009b20  _ldexp                          
0     00009b20  _ldexpf                         
0     00009b20  _scalbn                         
0     00009b20  _scalbnf                        
0     00009b78  _c_int00                        
0     00009bce  _sprintf                        
0     00009c00  _atoi                           
0     00009c31  _InitSci                        
0     00009c32  _InitSciGpio                    
0     00009c37  _InitSciaGpio                   
0     00009c4d  _InitScibGpio                   
0     00009c61  ___TI_ltoa                      
0     00009c91  FD$$CMP                         
0     00009cbb  L$$DIV                          
0     00009cca  L$$MOD                          
0     00009cd8  UL$$DIV                         
0     00009cdf  UL$$MOD                         
0     00009ce5  C$$EXIT                         
0     00009ce5  _abort                          
0     00009ce7  _exit                           
0     00009d0e  _InitPieCtrl                    
0     00009d2d  _EnableInterrupts               
0     00009d36  _InitPieVectTable               
0     00009d5c  _copy_in                        
0     00009d80  _copysignl                      
0     00009da4  FD$$TOI                         
0     00009dc5  FD$$TOL                         
0     00009de4  LL$$CMP                         
0     00009df6  ULL$$CMP                        
0     00009e02  I$$TOFD                         
0     00009e1f  _memcpy                         
0     00009e3c  FS$$TOFD                        
0     00009e58  L$$TOFD                         
0     00009e74  LL$$AND                         
0     00009e7c  LL$$OR                          
0     00009e84  LL$$XOR                         
0     00009e8c  __args_main                     
0     00009e9e  _copysign                       
0     00009e9e  _copysignf                      
0     00009eaf  _memccpy                        
0     00009ebf  FD$$SUB                         
0     00009ecd  _strchr                         
0     00009ed9  __register_unlock               
0     00009edd  __register_lock                 
0     00009ee1  __nop                           
0     00009ee2  FD$$NEG                         
0     00009eeb  _wcslen                         
0     00009efc  _strlen                         
0     00009f04  _memset                         
0     00009f0b  _strcpy                         
0     00009f10  _atof                           
0     00009f14  __system_pre_init               
0     00009f16  __system_post_cinit             
0     00009f17  ___etext__                      
0     00009f17  etext                           
0     0000a02f  __ctypes_                       
0     0000a130  _PieVectTableInit               
0     0000a2d8  ___TI_enable_exit_profile_output
0     0000a2da  ___TI_cleanup_ptr               
0     0000a2dc  ___TI_dtors_ptr                 
0     0000a2de  _LoopCount                      
0     0000a2df  _ErrorCount                     
0     0000a2e0  __lock                          
0     0000a2e2  __unlock                        
0     0000a2e4  _errno                          
1     00000400  __stack                         
1     00000600  __STACK_END                     
1     00000880  _DevEmuRegs                     
1     00000985  _SysPwrCtrlRegs                 
1     00000a80  _FlashRegs                      
1     00000ae0  _CsmRegs                        
1     00000b00  _AdcResult                      
1     00000c00  _CpuTimer0Regs                  
1     00000c08  _CpuTimer1Regs                  
1     00000c10  _CpuTimer2Regs                  
1     00000ce0  _PieCtrlRegs                    
1     00000d00  _EmuKey                         
1     00000d00  _PieVectTable                   
1     00000d01  _EmuBMode                       
1     00000d02  _Flash_CallbackPtr              
1     00000d04  _Flash_CPUScaleFactor           
1     00001000  _DmaRegs                        
1     00001400  _Cla1Regs                       
1     00004000  _Usb0Regs                       
1     00005000  _McbspaRegs                     
1     00006000  _ECanaRegs                      
1     00006040  _ECanaLAMRegs                   
1     00006080  _ECanaMOTSRegs                  
1     000060c0  _ECanaMOTORegs                  
1     00006100  _ECanaMboxes                    
1     00006400  _Comp1Regs                      
1     00006420  _Comp2Regs                      
1     00006440  _Comp3Regs                      
1     00006800  _EPwm1Regs                      
1     00006840  _EPwm2Regs                      
1     00006880  _EPwm3Regs                      
1     000068c0  _EPwm4Regs                      
1     00006900  _EPwm5Regs                      
1     00006940  _EPwm6Regs                      
1     00006980  _EPwm7Regs                      
1     000069c0  _EPwm8Regs                      
1     00006a00  _ECap1Regs                      
1     00006a20  _ECap2Regs                      
1     00006a40  _ECap3Regs                      
1     00006ac0  _HRCap1Regs                     
1     00006ae0  _HRCap2Regs                     
1     00006b00  _EQep1Regs                      
1     00006b40  _EQep2Regs                      
1     00006c80  _HRCap3Regs                     
1     00006ca0  _HRCap4Regs                     
1     00006f80  _GpioCtrlRegs                   
1     00006fc0  _GpioDataRegs                   
1     00006fe0  _GpioIntRegs                    
1     00007010  _SysCtrlRegs                    
1     00007040  _SpiaRegs                       
1     00007050  _SciaRegs                       
1     00007060  _NmiIntruptRegs                 
1     00007070  _XIntruptRegs                   
1     00007100  _AdcRegs                        
1     00007740  _SpibRegs                       
1     00007750  _ScibRegs                       
1     00007900  _I2caRegs                       
1     003d7e80  _PartIdRegs                     
1     003f7ff8  _CsmPwl                         
abs   00000004  _RamfuncsLoadSize               
abs   00000200  __STACK_SIZE                    
abs   ffffffff  ___TI_pprof_out_hndl            
abs   ffffffff  ___TI_prof_data_size            
abs   ffffffff  ___TI_prof_data_start           
abs   ffffffff  ___binit__                      
abs   ffffffff  ___c_args__                     
abs   ffffffff  ___pinit__                      
abs   ffffffff  binit                           
abs   ffffffff  pinit                           

[266 symbols]
