******************************************************************************
             TMS320C2000 Linker PC v22.6.1                     
******************************************************************************
>> Linked Fri Jul 12 14:13:34 2024

OUTPUT FILE NAME:   <Example_2806xSci_Echoback.out>
ENTRY POINT SYMBOL: "code_start"  address: 00000000


MEMORY CONFIGURATION

         name            origin    length      used     unused   attr    fill
----------------------  --------  ---------  --------  --------  ----  --------
PAGE 0:
  BEGIN                 00000000   00000002  00000002  00000000  RWIX
  RAMM0                 00000050   000003b0  00000035  0000037b  RWIX
  RAML0_L7              00008000   0000a000  0000279f  00007861  RWIX
  FPUTABLES             003fd590   000006a0  00000000  000006a0  RWIX
  IQTABLES              003fdc30   00000b50  00000000  00000b50  RWIX
  IQTABLES2             003fe780   0000008c  00000000  0000008c  RWIX
  IQTABLES3             003fe80c   000000aa  00000000  000000aa  RWIX
  BOOTROM               003ff3b0   00000c10  00000000  00000c10  RWIX
  RESET                 003fffc0   00000002  00000000  00000002  RWIX

PAGE 1:
  BOOT_RSVD             00000002   0000004e  00000000  0000004e  RWIX
  RAMM1                 00000400   00000400  00000400  00000000  RWIX
  DEV_EMU               00000880   00000105  00000004  00000101  RWIX
  SYS_PWR_CTL           00000985   00000003  00000003  00000000  RWIX
  FLASH_REGS            00000a80   00000060  00000008  00000058  RWIX
  CSM                   00000ae0   00000020  00000010  00000010  RWIX
  ADC_RESULT            00000b00   00000020  00000010  00000010  RWIX
  CPU_TIMER0            00000c00   00000008  00000008  00000000  RWIX
  CPU_TIMER1            00000c08   00000008  00000008  00000000  RWIX
  CPU_TIMER2            00000c10   00000008  00000008  00000000  RWIX
  PIE_CTRL              00000ce0   00000020  0000001a  00000006  RWIX
  PIE_VECT              00000d00   00000100  00000100  00000000  RWIX
  DMA                   00001000   00000200  000000e0  00000120  RWIX
  CLA1                  00001400   00000080  00000040  00000040  RWIX
  USB0                  00004000   00001000  00000454  00000bac  RWIX
  McBSPA                00005000   00000040  00000024  0000001c  RWIX
  ECANA                 00006000   00000040  00000034  0000000c  RWIX
  ECANA_LAM             00006040   00000040  00000040  00000000  RWIX
  ECANA_MOTS            00006080   00000040  00000040  00000000  RWIX
  ECANA_MOTO            000060c0   00000040  00000040  00000000  RWIX
  ECANA_MBOX            00006100   00000100  00000100  00000000  RWIX
  COMP1                 00006400   00000020  00000014  0000000c  RWIX
  COMP2                 00006420   00000020  00000014  0000000c  RWIX
  COMP3                 00006440   00000020  00000014  0000000c  RWIX
  EPWM1                 00006800   00000040  00000040  00000000  RWIX
  EPWM2                 00006840   00000040  00000040  00000000  RWIX
  EPWM3                 00006880   00000040  00000040  00000000  RWIX
  EPWM4                 000068c0   00000040  00000040  00000000  RWIX
  EPWM5                 00006900   00000040  00000040  00000000  RWIX
  EPWM6                 00006940   00000040  00000040  00000000  RWIX
  EPWM7                 00006980   00000040  00000040  00000000  RWIX
  EPWM8                 000069c0   00000040  00000040  00000000  RWIX
  ECAP1                 00006a00   00000020  00000020  00000000  RWIX
  ECAP2                 00006a20   00000020  00000020  00000000  RWIX
  ECAP3                 00006a40   00000020  00000020  00000000  RWIX
  HRCAP1                00006ac0   00000020  00000020  00000000  RWIX
  HRCAP2                00006ae0   00000020  00000020  00000000  RWIX
  EQEP1                 00006b00   00000040  00000022  0000001e  RWIX
  EQEP2                 00006b40   00000040  00000022  0000001e  RWIX
  HRCAP3                00006c80   00000020  00000020  00000000  RWIX
  HRCAP4                00006ca0   00000020  00000020  00000000  RWIX
  GPIOCTRL              00006f80   00000040  00000040  00000000  RWIX
  GPIODAT               00006fc0   00000020  00000020  00000000  RWIX
  GPIOINT               00006fe0   00000020  00000020  00000000  RWIX
  SYSTEM                00007010   00000030  00000030  00000000  RWIX
  SPIA                  00007040   00000010  00000010  00000000  RWIX
  SCIA                  00007050   00000010  00000010  00000000  RWIX
  NMIINTRUPT            00007060   00000010  00000010  00000000  RWIX
  XINTRUPT              00007070   00000010  00000010  00000000  RWIX
  ADC                   00007100   00000080  00000050  00000030  RWIX
  SPIB                  00007740   00000010  00000010  00000000  RWIX
  SCIB                  00007750   00000010  00000010  00000000  RWIX
  I2CA                  00007900   00000040  00000022  0000001e  RWIX
  USB_RAM               00040000   00000800  00000000  00000800  RWIX
  PARTID                003d7e80   00000001  00000001  00000000  RWIX
  CSM_PWL               003f7ff8   00000008  00000008  00000000  RWIX


SECTION ALLOCATION MAP

 output                                  attributes/
section   page    origin      length       input sections
--------  ----  ----------  ----------   ----------------
codestart 
*          0    00000000    00000002     
                  00000000    00000002     F2806x_CodeStartBranch.obj (codestart)

.cinit     0    00000050    00000031     
                  00000050    00000013     Example_2806xSci_Echoback.obj (.cinit)
                  00000063    0000000e     rts2800_fpu32.lib : exit.c.obj (.cinit)
                  00000071    00000005                       : _lock.c.obj (.cinit:__lock)
                  00000076    00000005                       : _lock.c.obj (.cinit:__unlock)
                  0000007b    00000004                       : errno.c.obj (.cinit)
                  0000007f    00000002     --HOLE-- [fill = 0]

ramfuncs   0    00000081    00000004     
                  00000081    00000004     F2806x_usDelay.obj (ramfuncs)

.text      0    00008000    00001fbf     
                  00008000    000006d0     rts2800_fpu32.lib : _printfi.c.obj (.text)
                  000086d0    000005f5                       : _printfi.c.obj (.text:__TI_printfi)
                  00008cc5    0000039d     Example_2806xSci_Echoback.obj (.text)
                  00009062    0000039b     F2806x_DefaultIsr.obj (.text:retain)
                  000093fd    000001ff     rts2800_fpu32.lib : strtod.c.obj (.text)
                  000095fc    00000190     F2806x_SysCtrl.obj (.text)
                  0000978c    00000107     rts2800_fpu32.lib : ll_div28.asm.obj (.text)
                  00009893    000000a9                       : s_scalbn.c.obj (.text)
                  0000993c    0000009c                       : fd_add28.asm.obj (.text)
                  000099d8    0000008b                       : fd_div28.asm.obj (.text)
                  00009a63    00000088                       : fs_div28.asm.obj (.text)
                  00009aeb    00000083                       : fd_mpy28.asm.obj (.text)
                  00009b6e    0000005a                       : s_frexp.c.obj (.text)
                  00009bc8    00000058                       : s_scalbnf.c.obj (.text)
                  00009c20    00000056                       : boot28.asm.obj (.text)
                  00009c76    00000032                       : sprintf.c.obj (.text)
                  00009ca8    00000031                       : atoi.c.obj (.text)
                  00009cd9    00000030     F2806x_Sci.obj (.text)
                  00009d09    00000030     rts2800_fpu32.lib : _ltoa.c.obj (.text)
                  00009d39    0000002a                       : fd_cmp28.asm.obj (.text)
                  00009d63    0000002a                       : l_div28.asm.obj (.text)
                  00009d8d    00000029                       : exit.c.obj (.text)
                  00009db6    00000028     F2806x_PieCtrl.obj (.text)
                  00009dde    00000026     F2806x_PieVect.obj (.text)
                  00009e04    00000024     rts2800_fpu32.lib : cpy_tbl.c.obj (.text)
                  00009e28    00000024                       : s_copysign.c.obj (.text)
                  00009e4c    00000021                       : fd_toi28.asm.obj (.text)
                  00009e6d    0000001f                       : fd_tol28.asm.obj (.text)
                  00009e8c    0000001e                       : ll_cmp28.asm.obj (.text)
                  00009eaa    0000001d                       : i_tofd28.asm.obj (.text)
                  00009ec7    0000001d                       : memcpy.c.obj (.text)
                  00009ee4    0000001c                       : fs_tofdfpu32.asm.obj (.text)
                  00009f00    0000001c                       : l_tofd28.asm.obj (.text)
                  00009f1c    00000018                       : ll_aox28.asm.obj (.text)
                  00009f34    00000012                       : args_main.c.obj (.text)
                  00009f46    00000011                       : s_copysignf.c.obj (.text)
                  00009f57    00000010                       : memccpy.c.obj (.text)
                  00009f67    0000000e                       : fd_sub28.asm.obj (.text)
                  00009f75    0000000c                       : strchr.c.obj (.text)
                  00009f81    00000009                       : _lock.c.obj (.text)
                  00009f8a    00000009                       : fd_neg28.asm.obj (.text)
                  00009f93    00000009                       : wcslen.c.obj (.text)
                  00009f9c    00000008     F2806x_CodeStartBranch.obj (.text)
                  00009fa4    00000008     rts2800_fpu32.lib : strlen.c.obj (.text)
                  00009fac    00000007                       : memset.c.obj (.text)
                  00009fb3    00000005                       : strcpy.c.obj (.text)
                  00009fb8    00000004                       : atof.c.obj (.text)
                  00009fbc    00000002                       : pre_init.c.obj (.text)
                  00009fbe    00000001                       : startup.c.obj (.text)

.econst    0    00009fc0    00000740     
                  00009fc0    000004a7     Example_2806xSci_Echoback.obj (.econst:.string)
                  0000a467    00000101     rts2800_fpu32.lib : ctype.c.obj (.econst:.string:__ctypes_)
                  0000a568    00000100     F2806x_PieVect.obj (.econst:_PieVectTableInit)
                  0000a668    00000026     rts2800_fpu32.lib : _printfi.c.obj (.econst:.string)
                  0000a68e    00000020                       : strtod.c.obj (.econst:_digits)
                  0000a6ae    0000001c                       : _printfi.c.obj (.econst)
                  0000a6ca    0000001c                       : s_scalbn.c.obj (.econst)
                  0000a6e6    0000000c                       : strtod.c.obj (.econst:_powerof10)
                  0000a6f2    00000008                       : s_frexp.c.obj (.econst)
                  0000a6fa    00000006                       : s_scalbnf.c.obj (.econst)

.ebss      0    0000a700    000000a0     UNINITIALIZED
                  0000a700    00000064     Example_2806xSci_Echoback.obj (.ebss:_buffer$1)
                  0000a764    00000006     rts2800_fpu32.lib : exit.c.obj (.ebss)
                  0000a76a    00000002                       : _lock.c.obj (.ebss:__lock)
                  0000a76c    00000002                       : _lock.c.obj (.ebss:__unlock)
                  0000a76e    00000001                       : errno.c.obj (.ebss)
                  0000a76f    00000011     --HOLE--
                  0000a780    00000020     Example_2806xSci_Echoback.obj (.ebss)

DevEmuRegsFile 
*          1    00000880    00000004     UNINITIALIZED
                  00000880    00000004     F2806x_GlobalVariableDefs.obj (DevEmuRegsFile)

SysPwrCtrlRegsFile 
*          1    00000985    00000003     UNINITIALIZED
                  00000985    00000003     F2806x_GlobalVariableDefs.obj (SysPwrCtrlRegsFile)

FlashRegsFile 
*          1    00000a80    00000008     UNINITIALIZED
                  00000a80    00000008     F2806x_GlobalVariableDefs.obj (FlashRegsFile)

CsmRegsFile 
*          1    00000ae0    00000010     UNINITIALIZED
                  00000ae0    00000010     F2806x_GlobalVariableDefs.obj (CsmRegsFile)

AdcResultFile 
*          1    00000b00    00000010     UNINITIALIZED
                  00000b00    00000010     F2806x_GlobalVariableDefs.obj (AdcResultFile)

CpuTimer0RegsFile 
*          1    00000c00    00000008     UNINITIALIZED
                  00000c00    00000008     F2806x_GlobalVariableDefs.obj (CpuTimer0RegsFile)

CpuTimer1RegsFile 
*          1    00000c08    00000008     UNINITIALIZED
                  00000c08    00000008     F2806x_GlobalVariableDefs.obj (CpuTimer1RegsFile)

CpuTimer2RegsFile 
*          1    00000c10    00000008     UNINITIALIZED
                  00000c10    00000008     F2806x_GlobalVariableDefs.obj (CpuTimer2RegsFile)

PieCtrlRegsFile 
*          1    00000ce0    0000001a     UNINITIALIZED
                  00000ce0    0000001a     F2806x_GlobalVariableDefs.obj (PieCtrlRegsFile)

PieVectTableFile 
*          1    00000d00    00000100     UNINITIALIZED
                  00000d00    00000100     F2806x_GlobalVariableDefs.obj (PieVectTableFile)

EmuKeyVar 
*          1    00000d00    00000001     UNINITIALIZED
                  00000d00    00000001     F2806x_GlobalVariableDefs.obj (EmuKeyVar)

EmuBModeVar 
*          1    00000d01    00000001     UNINITIALIZED
                  00000d01    00000001     F2806x_GlobalVariableDefs.obj (EmuBModeVar)

FlashCallbackVar 
*          1    00000d02    00000002     UNINITIALIZED
                  00000d02    00000002     F2806x_GlobalVariableDefs.obj (FlashCallbackVar)

FlashScalingVar 
*          1    00000d04    00000002     UNINITIALIZED
                  00000d04    00000002     F2806x_GlobalVariableDefs.obj (FlashScalingVar)

DmaRegsFile 
*          1    00001000    000000e0     UNINITIALIZED
                  00001000    000000e0     F2806x_GlobalVariableDefs.obj (DmaRegsFile)

Cla1RegsFile 
*          1    00001400    00000040     UNINITIALIZED
                  00001400    00000040     F2806x_GlobalVariableDefs.obj (Cla1RegsFile)

Usb0RegsFile 
*          1    00004000    00000454     UNINITIALIZED
                  00004000    00000454     F2806x_GlobalVariableDefs.obj (Usb0RegsFile)

McbspaRegsFile 
*          1    00005000    00000024     UNINITIALIZED
                  00005000    00000024     F2806x_GlobalVariableDefs.obj (McbspaRegsFile)

ECanaRegsFile 
*          1    00006000    00000034     UNINITIALIZED
                  00006000    00000034     F2806x_GlobalVariableDefs.obj (ECanaRegsFile)

ECanaLAMRegsFile 
*          1    00006040    00000040     UNINITIALIZED
                  00006040    00000040     F2806x_GlobalVariableDefs.obj (ECanaLAMRegsFile)

ECanaMOTSRegsFile 
*          1    00006080    00000040     UNINITIALIZED
                  00006080    00000040     F2806x_GlobalVariableDefs.obj (ECanaMOTSRegsFile)

ECanaMOTORegsFile 
*          1    000060c0    00000040     UNINITIALIZED
                  000060c0    00000040     F2806x_GlobalVariableDefs.obj (ECanaMOTORegsFile)

ECanaMboxesFile 
*          1    00006100    00000100     UNINITIALIZED
                  00006100    00000100     F2806x_GlobalVariableDefs.obj (ECanaMboxesFile)

Comp1RegsFile 
*          1    00006400    00000014     UNINITIALIZED
                  00006400    00000014     F2806x_GlobalVariableDefs.obj (Comp1RegsFile)

Comp2RegsFile 
*          1    00006420    00000014     UNINITIALIZED
                  00006420    00000014     F2806x_GlobalVariableDefs.obj (Comp2RegsFile)

Comp3RegsFile 
*          1    00006440    00000014     UNINITIALIZED
                  00006440    00000014     F2806x_GlobalVariableDefs.obj (Comp3RegsFile)

EPwm1RegsFile 
*          1    00006800    00000040     UNINITIALIZED
                  00006800    00000040     F2806x_GlobalVariableDefs.obj (EPwm1RegsFile)

EPwm2RegsFile 
*          1    00006840    00000040     UNINITIALIZED
                  00006840    00000040     F2806x_GlobalVariableDefs.obj (EPwm2RegsFile)

EPwm3RegsFile 
*          1    00006880    00000040     UNINITIALIZED
                  00006880    00000040     F2806x_GlobalVariableDefs.obj (EPwm3RegsFile)

EPwm4RegsFile 
*          1    000068c0    00000040     UNINITIALIZED
                  000068c0    00000040     F2806x_GlobalVariableDefs.obj (EPwm4RegsFile)

EPwm5RegsFile 
*          1    00006900    00000040     UNINITIALIZED
                  00006900    00000040     F2806x_GlobalVariableDefs.obj (EPwm5RegsFile)

EPwm6RegsFile 
*          1    00006940    00000040     UNINITIALIZED
                  00006940    00000040     F2806x_GlobalVariableDefs.obj (EPwm6RegsFile)

EPwm7RegsFile 
*          1    00006980    00000040     UNINITIALIZED
                  00006980    00000040     F2806x_GlobalVariableDefs.obj (EPwm7RegsFile)

EPwm8RegsFile 
*          1    000069c0    00000040     UNINITIALIZED
                  000069c0    00000040     F2806x_GlobalVariableDefs.obj (EPwm8RegsFile)

ECap1RegsFile 
*          1    00006a00    00000020     UNINITIALIZED
                  00006a00    00000020     F2806x_GlobalVariableDefs.obj (ECap1RegsFile)

ECap2RegsFile 
*          1    00006a20    00000020     UNINITIALIZED
                  00006a20    00000020     F2806x_GlobalVariableDefs.obj (ECap2RegsFile)

ECap3RegsFile 
*          1    00006a40    00000020     UNINITIALIZED
                  00006a40    00000020     F2806x_GlobalVariableDefs.obj (ECap3RegsFile)

HRCap1RegsFile 
*          1    00006ac0    00000020     UNINITIALIZED
                  00006ac0    00000020     F2806x_GlobalVariableDefs.obj (HRCap1RegsFile)

HRCap2RegsFile 
*          1    00006ae0    00000020     UNINITIALIZED
                  00006ae0    00000020     F2806x_GlobalVariableDefs.obj (HRCap2RegsFile)

EQep1RegsFile 
*          1    00006b00    00000022     UNINITIALIZED
                  00006b00    00000022     F2806x_GlobalVariableDefs.obj (EQep1RegsFile)

EQep2RegsFile 
*          1    00006b40    00000022     UNINITIALIZED
                  00006b40    00000022     F2806x_GlobalVariableDefs.obj (EQep2RegsFile)

HRCap3RegsFile 
*          1    00006c80    00000020     UNINITIALIZED
                  00006c80    00000020     F2806x_GlobalVariableDefs.obj (HRCap3RegsFile)

HRCap4RegsFile 
*          1    00006ca0    00000020     UNINITIALIZED
                  00006ca0    00000020     F2806x_GlobalVariableDefs.obj (HRCap4RegsFile)

GpioCtrlRegsFile 
*          1    00006f80    00000040     UNINITIALIZED
                  00006f80    00000040     F2806x_GlobalVariableDefs.obj (GpioCtrlRegsFile)

GpioDataRegsFile 
*          1    00006fc0    00000020     UNINITIALIZED
                  00006fc0    00000020     F2806x_GlobalVariableDefs.obj (GpioDataRegsFile)

GpioIntRegsFile 
*          1    00006fe0    00000020     UNINITIALIZED
                  00006fe0    00000020     F2806x_GlobalVariableDefs.obj (GpioIntRegsFile)

SysCtrlRegsFile 
*          1    00007010    00000030     UNINITIALIZED
                  00007010    00000030     F2806x_GlobalVariableDefs.obj (SysCtrlRegsFile)

SpiaRegsFile 
*          1    00007040    00000010     UNINITIALIZED
                  00007040    00000010     F2806x_GlobalVariableDefs.obj (SpiaRegsFile)

SciaRegsFile 
*          1    00007050    00000010     UNINITIALIZED
                  00007050    00000010     F2806x_GlobalVariableDefs.obj (SciaRegsFile)

NmiIntruptRegsFile 
*          1    00007060    00000010     UNINITIALIZED
                  00007060    00000010     F2806x_GlobalVariableDefs.obj (NmiIntruptRegsFile)

XIntruptRegsFile 
*          1    00007070    00000010     UNINITIALIZED
                  00007070    00000010     F2806x_GlobalVariableDefs.obj (XIntruptRegsFile)

AdcRegsFile 
*          1    00007100    00000050     UNINITIALIZED
                  00007100    00000050     F2806x_GlobalVariableDefs.obj (AdcRegsFile)

SpibRegsFile 
*          1    00007740    00000010     UNINITIALIZED
                  00007740    00000010     F2806x_GlobalVariableDefs.obj (SpibRegsFile)

ScibRegsFile 
*          1    00007750    00000010     UNINITIALIZED
                  00007750    00000010     F2806x_GlobalVariableDefs.obj (ScibRegsFile)

I2caRegsFile 
*          1    00007900    00000022     UNINITIALIZED
                  00007900    00000022     F2806x_GlobalVariableDefs.obj (I2caRegsFile)

PartIdRegsFile 
*          1    003d7e80    00000001     UNINITIALIZED
                  003d7e80    00000001     F2806x_GlobalVariableDefs.obj (PartIdRegsFile)

CsmPwlFile 
*          1    003f7ff8    00000008     UNINITIALIZED
                  003f7ff8    00000008     F2806x_GlobalVariableDefs.obj (CsmPwlFile)

.pinit     0    00000050    00000000     UNINITIALIZED

.reset     0    003fffc0    00000002     DSECT
                  003fffc0    00000002     rts2800_fpu32.lib : boot28.asm.obj (.reset)

.stack     1    00000400    00000400     UNINITIALIZED
                  00000400    00000400     --HOLE--

MODULE SUMMARY

       Module                          code   initialized data   uninitialized data
       ------                          ----   ----------------   ------------------
    .\
       F2806x_GlobalVariableDefs.obj   0      0                  3550              
       Example_2806xSci_Echoback.obj   925    1210               132               
       F2806x_DefaultIsr.obj           923    0                  0                 
       F2806x_SysCtrl.obj              400    0                  0                 
       F2806x_PieVect.obj              38     256                0                 
       F2806x_Sci.obj                  48     0                  0                 
       F2806x_PieCtrl.obj              40     0                  0                 
       F2806x_CodeStartBranch.obj      10     0                  0                 
       F2806x_usDelay.obj              4      0                  0                 
    +--+-------------------------------+------+------------------+--------------------+
       Total:                          2388   1466               3682              
                                                                                   
    C:/ti/ccs1271/ccs/tools/compiler/ti-cgt-c2000_22.6.1.LTS/lib/rts2800_fpu32.lib
       _printfi.c.obj                  3269   66                 0                 
       strtod.c.obj                    511    44                 0                 
       ll_div28.asm.obj                263    0                  0                 
       ctype.c.obj                     0      257                0                 
       s_scalbn.c.obj                  169    28                 0                 
       fd_add28.asm.obj                156    0                  0                 
       fd_div28.asm.obj                139    0                  0                 
       fs_div28.asm.obj                136    0                  0                 
       fd_mpy28.asm.obj                131    0                  0                 
       s_frexp.c.obj                   90     8                  0                 
       s_scalbnf.c.obj                 88     6                  0                 
       boot28.asm.obj                  86     0                  0                 
       exit.c.obj                      41     14                 6                 
       sprintf.c.obj                   50     0                  0                 
       atoi.c.obj                      49     0                  0                 
       _ltoa.c.obj                     48     0                  0                 
       fd_cmp28.asm.obj                42     0                  0                 
       l_div28.asm.obj                 42     0                  0                 
       cpy_tbl.c.obj                   36     0                  0                 
       s_copysign.c.obj                36     0                  0                 
       fd_toi28.asm.obj                33     0                  0                 
       fd_tol28.asm.obj                31     0                  0                 
       ll_cmp28.asm.obj                30     0                  0                 
       i_tofd28.asm.obj                29     0                  0                 
       memcpy.c.obj                    29     0                  0                 
       fs_tofdfpu32.asm.obj            28     0                  0                 
       l_tofd28.asm.obj                28     0                  0                 
       ll_aox28.asm.obj                24     0                  0                 
       _lock.c.obj                     9      10                 4                 
       args_main.c.obj                 18     0                  0                 
       s_copysignf.c.obj               17     0                  0                 
       memccpy.c.obj                   16     0                  0                 
       fd_sub28.asm.obj                14     0                  0                 
       strchr.c.obj                    12     0                  0                 
       fd_neg28.asm.obj                9      0                  0                 
       wcslen.c.obj                    9      0                  0                 
       strlen.c.obj                    8      0                  0                 
       memset.c.obj                    7      0                  0                 
       errno.c.obj                     0      4                  1                 
       strcpy.c.obj                    5      0                  0                 
       atof.c.obj                      4      0                  0                 
       pre_init.c.obj                  2      0                  0                 
       startup.c.obj                   1      0                  0                 
    +--+-------------------------------+------+------------------+--------------------+
       Total:                          5745   437                11                
                                                                                   
       Stack:                          0      0                  1024              
    +--+-------------------------------+------+------------------+--------------------+
       Grand Total:                    8133   1903               4717              


GLOBAL DATA SYMBOLS: SORTED BY DATA PAGE

address     data page           name
--------    ----------------    ----
00000400      10 (00000400)     __stack

00000880      22 (00000880)     _DevEmuRegs

00000985      26 (00000980)     _SysPwrCtrlRegs

00000a80      2a (00000a80)     _FlashRegs

00000ae0      2b (00000ac0)     _CsmRegs

00000b00      2c (00000b00)     _AdcResult

00000c00      30 (00000c00)     _CpuTimer0Regs
00000c08      30 (00000c00)     _CpuTimer1Regs
00000c10      30 (00000c00)     _CpuTimer2Regs

00000ce0      33 (00000cc0)     _PieCtrlRegs

00000d00      34 (00000d00)     _EmuKey
00000d00      34 (00000d00)     _PieVectTable
00000d01      34 (00000d00)     _EmuBMode
00000d02      34 (00000d00)     _Flash_CallbackPtr
00000d04      34 (00000d00)     _Flash_CPUScaleFactor

00001000      40 (00001000)     _DmaRegs

00001400      50 (00001400)     _Cla1Regs

00004000     100 (00004000)     _Usb0Regs

00005000     140 (00005000)     _McbspaRegs

00006000     180 (00006000)     _ECanaRegs

00006040     181 (00006040)     _ECanaLAMRegs

00006080     182 (00006080)     _ECanaMOTSRegs

000060c0     183 (000060c0)     _ECanaMOTORegs

00006100     184 (00006100)     _ECanaMboxes

00006400     190 (00006400)     _Comp1Regs
00006420     190 (00006400)     _Comp2Regs

00006440     191 (00006440)     _Comp3Regs

00006800     1a0 (00006800)     _EPwm1Regs

00006840     1a1 (00006840)     _EPwm2Regs

00006880     1a2 (00006880)     _EPwm3Regs

000068c0     1a3 (000068c0)     _EPwm4Regs

00006900     1a4 (00006900)     _EPwm5Regs

00006940     1a5 (00006940)     _EPwm6Regs

00006980     1a6 (00006980)     _EPwm7Regs

000069c0     1a7 (000069c0)     _EPwm8Regs

00006a00     1a8 (00006a00)     _ECap1Regs
00006a20     1a8 (00006a00)     _ECap2Regs

00006a40     1a9 (00006a40)     _ECap3Regs

00006ac0     1ab (00006ac0)     _HRCap1Regs
00006ae0     1ab (00006ac0)     _HRCap2Regs

00006b00     1ac (00006b00)     _EQep1Regs

00006b40     1ad (00006b40)     _EQep2Regs

00006c80     1b2 (00006c80)     _HRCap3Regs
00006ca0     1b2 (00006c80)     _HRCap4Regs

00006f80     1be (00006f80)     _GpioCtrlRegs

00006fc0     1bf (00006fc0)     _GpioDataRegs
00006fe0     1bf (00006fc0)     _GpioIntRegs

00007010     1c0 (00007000)     _SysCtrlRegs

00007040     1c1 (00007040)     _SpiaRegs
00007050     1c1 (00007040)     _SciaRegs
00007060     1c1 (00007040)     _NmiIntruptRegs
00007070     1c1 (00007040)     _XIntruptRegs

00007100     1c4 (00007100)     _AdcRegs

00007740     1dd (00007740)     _SpibRegs
00007750     1dd (00007740)     _ScibRegs

00007900     1e4 (00007900)     _I2caRegs

0000a467     291 (0000a440)     __ctypes_

0000a568     295 (0000a540)     _PieVectTableInit

0000a764     29d (0000a740)     ___TI_enable_exit_profile_output
0000a766     29d (0000a740)     ___TI_cleanup_ptr
0000a768     29d (0000a740)     ___TI_dtors_ptr
0000a76a     29d (0000a740)     __lock
0000a76c     29d (0000a740)     __unlock
0000a76e     29d (0000a740)     _errno

0000a780     29e (0000a780)     _originalePwmParams
0000a790     29e (0000a780)     _newEpwmParams

003d7e80    f5fa (003d7e80)     _PartIdRegs

003f7ff8    fdff (003f7fc0)     _CsmPwl


GLOBAL SYMBOLS: SORTED ALPHABETICALLY BY Name 

page  address   name                            
----  -------   ----                            
0     00008000  .text                           
0     00009d8d  C$$EXIT                         
0     0000993c  FD$$ADD                         
0     00009d39  FD$$CMP                         
0     000099d8  FD$$DIV                         
0     00009aeb  FD$$MPY                         
0     00009f8a  FD$$NEG                         
0     00009f67  FD$$SUB                         
0     00009e4c  FD$$TOI                         
0     00009e6d  FD$$TOL                         
0     00009a63  FS$$DIV                         
0     00009ee4  FS$$TOFD                        
0     00009eaa  I$$TOFD                         
0     00009d63  L$$DIV                          
0     00009d72  L$$MOD                          
0     00009f00  L$$TOFD                         
0     00009f1c  LL$$AND                         
0     00009e8c  LL$$CMP                         
0     0000978c  LL$$DIV                         
0     000097c8  LL$$MOD                         
0     00009f24  LL$$OR                          
0     00009f2c  LL$$XOR                         
0     00009d80  UL$$DIV                         
0     00009d87  UL$$MOD                         
0     00009e9e  ULL$$CMP                        
0     00009802  ULL$$DIV                        
0     00009831  ULL$$MOD                        
0     00009120  _ADCINT1_ISR                    
0     0000912a  _ADCINT2_ISR                    
0     00009332  _ADCINT3_ISR                    
0     0000933c  _ADCINT4_ISR                    
0     00009346  _ADCINT5_ISR                    
0     00009350  _ADCINT6_ISR                    
0     0000935a  _ADCINT7_ISR                    
0     00009364  _ADCINT8_ISR                    
0     00009148  _ADCINT9_ISR                    
1     00007100  _AdcRegs                        
1     00000b00  _AdcResult                      
0     0000936e  _CLA1_INT1_ISR                  
0     00009378  _CLA1_INT2_ISR                  
0     00009382  _CLA1_INT3_ISR                  
0     0000938c  _CLA1_INT4_ISR                  
0     00009396  _CLA1_INT5_ISR                  
0     000093a0  _CLA1_INT6_ISR                  
0     000093aa  _CLA1_INT7_ISR                  
0     000093b4  _CLA1_INT8_ISR                  
1     00001400  _Cla1Regs                       
1     00006400  _Comp1Regs                      
1     00006420  _Comp2Regs                      
1     00006440  _Comp3Regs                      
1     00000c00  _CpuTimer0Regs                  
1     00000c08  _CpuTimer1Regs                  
1     00000c10  _CpuTimer2Regs                  
1     003f7ff8  _CsmPwl                         
1     00000ae0  _CsmRegs                        
0     00009700  _CsmUnlock                      
0     00009076  _DATALOG_ISR                    
0     000092a6  _DINTCH1_ISR                    
0     000092b0  _DINTCH2_ISR                    
0     000092ba  _DINTCH3_ISR                    
0     000092c4  _DINTCH4_ISR                    
0     000092ce  _DINTCH5_ISR                    
0     000092d8  _DINTCH6_ISR                    
0     00000081  _DSP28x_usDelay                 
1     00000880  _DevEmuRegs                     
0     00009620  _DisableDog                     
1     00001000  _DmaRegs                        
0     0000931e  _ECAN0INTA_ISR                  
0     00009328  _ECAN1INTA_ISR                  
0     00009206  _ECAP1_INT_ISR                  
0     00009210  _ECAP2_INT_ISR                  
0     0000921a  _ECAP3_INT_ISR                  
1     00006040  _ECanaLAMRegs                   
1     000060c0  _ECanaMOTORegs                  
1     00006080  _ECanaMOTSRegs                  
1     00006100  _ECanaMboxes                    
1     00006000  _ECanaRegs                      
1     00006a00  _ECap1Regs                      
1     00006a20  _ECap2Regs                      
1     00006a40  _ECap3Regs                      
0     000093dc  _EMPTY_ISR                      
0     0000908a  _EMUINT_ISR                     
0     000091b6  _EPWM1_INT_ISR                  
0     00009166  _EPWM1_TZINT_ISR                
0     000091c0  _EPWM2_INT_ISR                  
0     00009170  _EPWM2_TZINT_ISR                
0     000091ca  _EPWM3_INT_ISR                  
0     0000917a  _EPWM3_TZINT_ISR                
0     000091d4  _EPWM4_INT_ISR                  
0     00009184  _EPWM4_TZINT_ISR                
0     000091de  _EPWM5_INT_ISR                  
0     0000918e  _EPWM5_TZINT_ISR                
0     000091e8  _EPWM6_INT_ISR                  
0     00009198  _EPWM6_TZINT_ISR                
0     000091f2  _EPWM7_INT_ISR                  
0     000091a2  _EPWM7_TZINT_ISR                
0     000091fc  _EPWM8_INT_ISR                  
0     000091ac  _EPWM8_TZINT_ISR                
1     00006800  _EPwm1Regs                      
1     00006840  _EPwm2Regs                      
1     00006880  _EPwm3Regs                      
1     000068c0  _EPwm4Regs                      
1     00006900  _EPwm5Regs                      
1     00006940  _EPwm6Regs                      
1     00006980  _EPwm7Regs                      
1     000069c0  _EPwm8Regs                      
0     00009238  _EQEP1_INT_ISR                  
0     00009242  _EQEP2_INT_ISR                  
1     00006b00  _EQep1Regs                      
1     00006b40  _EQep2Regs                      
1     00000d01  _EmuBMode                       
1     00000d00  _EmuKey                         
0     00009dd5  _EnableInterrupts               
0     00009776  _ExtOscSel                      
1     00000a80  _FlashRegs                      
1     00000d04  _Flash_CPUScaleFactor           
1     00000d02  _Flash_CallbackPtr              
1     00006f80  _GpioCtrlRegs                   
1     00006fc0  _GpioDataRegs                   
1     00006fe0  _GpioIntRegs                    
0     00009224  _HRCAP1_INT_ISR                 
0     0000922e  _HRCAP2_INT_ISR                 
0     0000924c  _HRCAP3_INT_ISR                 
0     00009256  _HRCAP4_INT_ISR                 
1     00006ac0  _HRCap1Regs                     
1     00006ae0  _HRCap2Regs                     
1     00006c80  _HRCap3Regs                     
1     00006ca0  _HRCap4Regs                     
0     000092e2  _I2CINT1A_ISR                   
0     000092ec  _I2CINT2A_ISR                   
1     00007900  _I2caRegs                       
0     0000909e  _ILLEGAL_ISR                    
0     00009062  _INT13_ISR                      
0     0000906c  _INT14_ISR                      
0     000096aa  _InitPeripheralClocks           
0     00009db6  _InitPieCtrl                    
0     00009dde  _InitPieVectTable               
0     00009628  _InitPll                        
0     0000967c  _InitPll2                       
0     00009cd9  _InitSci                        
0     00009cda  _InitSciGpio                    
0     00009cdf  _InitSciaGpio                   
0     00009cf5  _InitScibGpio                   
0     000095fc  _InitSysCtrl                    
0     00009731  _IntOsc1Sel                     
0     00009741  _IntOsc2Sel                     
0     000093d2  _LUF_ISR                        
0     000093c8  _LVF_ISR                        
0     00009292  _MRINTA_ISR                     
0     0000929c  _MXINTA_ISR                     
1     00005000  _McbspaRegs                     
0     00009094  _NMI_ISR                        
1     00007060  _NmiIntruptRegs                 
0     000093e9  _PIE_RESERVED                   
1     003d7e80  _PartIdRegs                     
1     00000ce0  _PieCtrlRegs                    
1     00000d00  _PieVectTable                   
0     0000a568  _PieVectTableInit               
0     00009080  _RTOSINT_ISR                    
0     00000085  _RamfuncsLoadEnd                
abs   00000004  _RamfuncsLoadSize               
0     00000081  _RamfuncsLoadStart              
0     00000081  _RamfuncsRunStart               
0     000092f6  _SCIRXINTA_ISR                  
0     0000930a  _SCIRXINTB_ISR                  
0     00009300  _SCITXINTA_ISR                  
0     00009314  _SCITXINTB_ISR                  
0     0000926a  _SPIRXINTA_ISR                  
0     0000927e  _SPIRXINTB_ISR                  
0     00009274  _SPITXINTA_ISR                  
0     00009288  _SPITXINTB_ISR                  
1     00007050  _SciaRegs                       
1     00007750  _ScibRegs                       
0     00009616  _ServiceDog                     
1     00007040  _SpiaRegs                       
1     00007740  _SpibRegs                       
1     00007010  _SysCtrlRegs                    
1     00000985  _SysPwrCtrlRegs                 
0     00009152  _TINT0_ISR                      
0     00009260  _USB0_INT_ISR                   
0     00009102  _USER10_ISR                     
0     0000910c  _USER11_ISR                     
0     00009116  _USER12_ISR                     
0     000090a8  _USER1_ISR                      
0     000090b2  _USER2_ISR                      
0     000090bc  _USER3_ISR                      
0     000090c6  _USER4_ISR                      
0     000090d0  _USER5_ISR                      
0     000090da  _USER6_ISR                      
0     000090e4  _USER7_ISR                      
0     000090ee  _USER8_ISR                      
0     000090f8  _USER9_ISR                      
1     00004000  _Usb0Regs                       
0     0000915c  _WAKEINT_ISR                    
0     00009134  _XINT1_ISR                      
0     0000913e  _XINT2_ISR                      
0     000093be  _XINT3_ISR                      
1     00007070  _XIntruptRegs                   
0     0000975b  _XtalOscSel                     
1     00000800  __STACK_END                     
abs   00000400  __STACK_SIZE                    
0     0000a766  ___TI_cleanup_ptr               
0     0000a768  ___TI_dtors_ptr                 
0     0000a764  ___TI_enable_exit_profile_output
0     00009d09  ___TI_ltoa                      
abs   ffffffff  ___TI_pprof_out_hndl            
0     00008b40  ___TI_printfi                   
abs   ffffffff  ___TI_prof_data_size            
abs   ffffffff  ___TI_prof_data_start           
abs   ffffffff  ___binit__                      
abs   ffffffff  ___c_args__                     
0     00000050  ___cinit__                      
0     00009fbf  ___etext__                      
abs   ffffffff  ___pinit__                      
0     00008000  ___text__                       
0     00009f34  __args_main                     
0     0000a467  __ctypes_                       
0     0000a76a  __lock                          
0     00009f89  __nop                           
0     00009f85  __register_lock                 
0     00009f81  __register_unlock               
1     00000400  __stack                         
0     00009fbe  __system_post_cinit             
0     00009fbc  __system_pre_init               
0     0000a76c  __unlock                        
0     00009d8d  _abort                          
0     00009fb8  _atof                           
0     00009ca8  _atoi                           
0     00009c20  _c_int00                        
0     00008ffe  _clear_scia_rx_buffer           
0     00008f04  _confirm_values                 
0     00009e04  _copy_in                        
0     00009f46  _copysign                       
0     00009f46  _copysignf                      
0     00009e28  _copysignl                      
0     0000a76e  _errno                          
0     00009d8f  _exit                           
0     00008fab  _float_to_string                
0     00009b6e  _frexpl                         
0     00009bc8  _ldexp                          
0     00009bc8  _ldexpf                         
0     00009893  _ldexpl                         
0     00008cc5  _main                           
0     00009f57  _memccpy                        
0     00009ec7  _memcpy                         
0     00009fac  _memset                         
0     0000a790  _newEpwmParams                  
0     0000a780  _originalePwmParams             
0     00008e58  _populate_variable              
0     00008f2a  _print_params                   
0     00009022  _print_welcome_screen           
0     00008d37  _process_buffer                 
0     00008fec  _report_invalid_input           
0     000093f3  _rsvd_ISR                       
0     00009bc8  _scalbn                         
0     00009bc8  _scalbnf                        
0     00009893  _scalbnl                        
0     00009047  _scia_echoback_init             
0     0000905a  _scia_fifo_init                 
0     00009016  _scia_msg                       
0     0000900a  _scia_xmit                      
0     00009c76  _sprintf                        
0     00009f75  _strchr                         
0     00009fb3  _strcpy                         
0     00009fa4  _strlen                         
0     000093fd  _strtod                         
0     000093fd  _strtof                         
0     00009f93  _wcslen                         
abs   ffffffff  binit                           
0     00000050  cinit                           
0     00000000  code_start                      
0     00009fbf  etext                           
abs   ffffffff  pinit                           


GLOBAL SYMBOLS: SORTED BY Symbol Address 

page  address   name                            
----  -------   ----                            
0     00000000  code_start                      
0     00000050  ___cinit__                      
0     00000050  cinit                           
0     00000081  _DSP28x_usDelay                 
0     00000081  _RamfuncsLoadStart              
0     00000081  _RamfuncsRunStart               
0     00000085  _RamfuncsLoadEnd                
0     00008000  .text                           
0     00008000  ___text__                       
0     00008b40  ___TI_printfi                   
0     00008cc5  _main                           
0     00008d37  _process_buffer                 
0     00008e58  _populate_variable              
0     00008f04  _confirm_values                 
0     00008f2a  _print_params                   
0     00008fab  _float_to_string                
0     00008fec  _report_invalid_input           
0     00008ffe  _clear_scia_rx_buffer           
0     0000900a  _scia_xmit                      
0     00009016  _scia_msg                       
0     00009022  _print_welcome_screen           
0     00009047  _scia_echoback_init             
0     0000905a  _scia_fifo_init                 
0     00009062  _INT13_ISR                      
0     0000906c  _INT14_ISR                      
0     00009076  _DATALOG_ISR                    
0     00009080  _RTOSINT_ISR                    
0     0000908a  _EMUINT_ISR                     
0     00009094  _NMI_ISR                        
0     0000909e  _ILLEGAL_ISR                    
0     000090a8  _USER1_ISR                      
0     000090b2  _USER2_ISR                      
0     000090bc  _USER3_ISR                      
0     000090c6  _USER4_ISR                      
0     000090d0  _USER5_ISR                      
0     000090da  _USER6_ISR                      
0     000090e4  _USER7_ISR                      
0     000090ee  _USER8_ISR                      
0     000090f8  _USER9_ISR                      
0     00009102  _USER10_ISR                     
0     0000910c  _USER11_ISR                     
0     00009116  _USER12_ISR                     
0     00009120  _ADCINT1_ISR                    
0     0000912a  _ADCINT2_ISR                    
0     00009134  _XINT1_ISR                      
0     0000913e  _XINT2_ISR                      
0     00009148  _ADCINT9_ISR                    
0     00009152  _TINT0_ISR                      
0     0000915c  _WAKEINT_ISR                    
0     00009166  _EPWM1_TZINT_ISR                
0     00009170  _EPWM2_TZINT_ISR                
0     0000917a  _EPWM3_TZINT_ISR                
0     00009184  _EPWM4_TZINT_ISR                
0     0000918e  _EPWM5_TZINT_ISR                
0     00009198  _EPWM6_TZINT_ISR                
0     000091a2  _EPWM7_TZINT_ISR                
0     000091ac  _EPWM8_TZINT_ISR                
0     000091b6  _EPWM1_INT_ISR                  
0     000091c0  _EPWM2_INT_ISR                  
0     000091ca  _EPWM3_INT_ISR                  
0     000091d4  _EPWM4_INT_ISR                  
0     000091de  _EPWM5_INT_ISR                  
0     000091e8  _EPWM6_INT_ISR                  
0     000091f2  _EPWM7_INT_ISR                  
0     000091fc  _EPWM8_INT_ISR                  
0     00009206  _ECAP1_INT_ISR                  
0     00009210  _ECAP2_INT_ISR                  
0     0000921a  _ECAP3_INT_ISR                  
0     00009224  _HRCAP1_INT_ISR                 
0     0000922e  _HRCAP2_INT_ISR                 
0     00009238  _EQEP1_INT_ISR                  
0     00009242  _EQEP2_INT_ISR                  
0     0000924c  _HRCAP3_INT_ISR                 
0     00009256  _HRCAP4_INT_ISR                 
0     00009260  _USB0_INT_ISR                   
0     0000926a  _SPIRXINTA_ISR                  
0     00009274  _SPITXINTA_ISR                  
0     0000927e  _SPIRXINTB_ISR                  
0     00009288  _SPITXINTB_ISR                  
0     00009292  _MRINTA_ISR                     
0     0000929c  _MXINTA_ISR                     
0     000092a6  _DINTCH1_ISR                    
0     000092b0  _DINTCH2_ISR                    
0     000092ba  _DINTCH3_ISR                    
0     000092c4  _DINTCH4_ISR                    
0     000092ce  _DINTCH5_ISR                    
0     000092d8  _DINTCH6_ISR                    
0     000092e2  _I2CINT1A_ISR                   
0     000092ec  _I2CINT2A_ISR                   
0     000092f6  _SCIRXINTA_ISR                  
0     00009300  _SCITXINTA_ISR                  
0     0000930a  _SCIRXINTB_ISR                  
0     00009314  _SCITXINTB_ISR                  
0     0000931e  _ECAN0INTA_ISR                  
0     00009328  _ECAN1INTA_ISR                  
0     00009332  _ADCINT3_ISR                    
0     0000933c  _ADCINT4_ISR                    
0     00009346  _ADCINT5_ISR                    
0     00009350  _ADCINT6_ISR                    
0     0000935a  _ADCINT7_ISR                    
0     00009364  _ADCINT8_ISR                    
0     0000936e  _CLA1_INT1_ISR                  
0     00009378  _CLA1_INT2_ISR                  
0     00009382  _CLA1_INT3_ISR                  
0     0000938c  _CLA1_INT4_ISR                  
0     00009396  _CLA1_INT5_ISR                  
0     000093a0  _CLA1_INT6_ISR                  
0     000093aa  _CLA1_INT7_ISR                  
0     000093b4  _CLA1_INT8_ISR                  
0     000093be  _XINT3_ISR                      
0     000093c8  _LVF_ISR                        
0     000093d2  _LUF_ISR                        
0     000093dc  _EMPTY_ISR                      
0     000093e9  _PIE_RESERVED                   
0     000093f3  _rsvd_ISR                       
0     000093fd  _strtod                         
0     000093fd  _strtof                         
0     000095fc  _InitSysCtrl                    
0     00009616  _ServiceDog                     
0     00009620  _DisableDog                     
0     00009628  _InitPll                        
0     0000967c  _InitPll2                       
0     000096aa  _InitPeripheralClocks           
0     00009700  _CsmUnlock                      
0     00009731  _IntOsc1Sel                     
0     00009741  _IntOsc2Sel                     
0     0000975b  _XtalOscSel                     
0     00009776  _ExtOscSel                      
0     0000978c  LL$$DIV                         
0     000097c8  LL$$MOD                         
0     00009802  ULL$$DIV                        
0     00009831  ULL$$MOD                        
0     00009893  _ldexpl                         
0     00009893  _scalbnl                        
0     0000993c  FD$$ADD                         
0     000099d8  FD$$DIV                         
0     00009a63  FS$$DIV                         
0     00009aeb  FD$$MPY                         
0     00009b6e  _frexpl                         
0     00009bc8  _ldexp                          
0     00009bc8  _ldexpf                         
0     00009bc8  _scalbn                         
0     00009bc8  _scalbnf                        
0     00009c20  _c_int00                        
0     00009c76  _sprintf                        
0     00009ca8  _atoi                           
0     00009cd9  _InitSci                        
0     00009cda  _InitSciGpio                    
0     00009cdf  _InitSciaGpio                   
0     00009cf5  _InitScibGpio                   
0     00009d09  ___TI_ltoa                      
0     00009d39  FD$$CMP                         
0     00009d63  L$$DIV                          
0     00009d72  L$$MOD                          
0     00009d80  UL$$DIV                         
0     00009d87  UL$$MOD                         
0     00009d8d  C$$EXIT                         
0     00009d8d  _abort                          
0     00009d8f  _exit                           
0     00009db6  _InitPieCtrl                    
0     00009dd5  _EnableInterrupts               
0     00009dde  _InitPieVectTable               
0     00009e04  _copy_in                        
0     00009e28  _copysignl                      
0     00009e4c  FD$$TOI                         
0     00009e6d  FD$$TOL                         
0     00009e8c  LL$$CMP                         
0     00009e9e  ULL$$CMP                        
0     00009eaa  I$$TOFD                         
0     00009ec7  _memcpy                         
0     00009ee4  FS$$TOFD                        
0     00009f00  L$$TOFD                         
0     00009f1c  LL$$AND                         
0     00009f24  LL$$OR                          
0     00009f2c  LL$$XOR                         
0     00009f34  __args_main                     
0     00009f46  _copysign                       
0     00009f46  _copysignf                      
0     00009f57  _memccpy                        
0     00009f67  FD$$SUB                         
0     00009f75  _strchr                         
0     00009f81  __register_unlock               
0     00009f85  __register_lock                 
0     00009f89  __nop                           
0     00009f8a  FD$$NEG                         
0     00009f93  _wcslen                         
0     00009fa4  _strlen                         
0     00009fac  _memset                         
0     00009fb3  _strcpy                         
0     00009fb8  _atof                           
0     00009fbc  __system_pre_init               
0     00009fbe  __system_post_cinit             
0     00009fbf  ___etext__                      
0     00009fbf  etext                           
0     0000a467  __ctypes_                       
0     0000a568  _PieVectTableInit               
0     0000a764  ___TI_enable_exit_profile_output
0     0000a766  ___TI_cleanup_ptr               
0     0000a768  ___TI_dtors_ptr                 
0     0000a76a  __lock                          
0     0000a76c  __unlock                        
0     0000a76e  _errno                          
0     0000a780  _originalePwmParams             
0     0000a790  _newEpwmParams                  
1     00000400  __stack                         
1     00000800  __STACK_END                     
1     00000880  _DevEmuRegs                     
1     00000985  _SysPwrCtrlRegs                 
1     00000a80  _FlashRegs                      
1     00000ae0  _CsmRegs                        
1     00000b00  _AdcResult                      
1     00000c00  _CpuTimer0Regs                  
1     00000c08  _CpuTimer1Regs                  
1     00000c10  _CpuTimer2Regs                  
1     00000ce0  _PieCtrlRegs                    
1     00000d00  _EmuKey                         
1     00000d00  _PieVectTable                   
1     00000d01  _EmuBMode                       
1     00000d02  _Flash_CallbackPtr              
1     00000d04  _Flash_CPUScaleFactor           
1     00001000  _DmaRegs                        
1     00001400  _Cla1Regs                       
1     00004000  _Usb0Regs                       
1     00005000  _McbspaRegs                     
1     00006000  _ECanaRegs                      
1     00006040  _ECanaLAMRegs                   
1     00006080  _ECanaMOTSRegs                  
1     000060c0  _ECanaMOTORegs                  
1     00006100  _ECanaMboxes                    
1     00006400  _Comp1Regs                      
1     00006420  _Comp2Regs                      
1     00006440  _Comp3Regs                      
1     00006800  _EPwm1Regs                      
1     00006840  _EPwm2Regs                      
1     00006880  _EPwm3Regs                      
1     000068c0  _EPwm4Regs                      
1     00006900  _EPwm5Regs                      
1     00006940  _EPwm6Regs                      
1     00006980  _EPwm7Regs                      
1     000069c0  _EPwm8Regs                      
1     00006a00  _ECap1Regs                      
1     00006a20  _ECap2Regs                      
1     00006a40  _ECap3Regs                      
1     00006ac0  _HRCap1Regs                     
1     00006ae0  _HRCap2Regs                     
1     00006b00  _EQep1Regs                      
1     00006b40  _EQep2Regs                      
1     00006c80  _HRCap3Regs                     
1     00006ca0  _HRCap4Regs                     
1     00006f80  _GpioCtrlRegs                   
1     00006fc0  _GpioDataRegs                   
1     00006fe0  _GpioIntRegs                    
1     00007010  _SysCtrlRegs                    
1     00007040  _SpiaRegs                       
1     00007050  _SciaRegs                       
1     00007060  _NmiIntruptRegs                 
1     00007070  _XIntruptRegs                   
1     00007100  _AdcRegs                        
1     00007740  _SpibRegs                       
1     00007750  _ScibRegs                       
1     00007900  _I2caRegs                       
1     003d7e80  _PartIdRegs                     
1     003f7ff8  _CsmPwl                         
abs   00000004  _RamfuncsLoadSize               
abs   00000400  __STACK_SIZE                    
abs   ffffffff  ___TI_pprof_out_hndl            
abs   ffffffff  ___TI_prof_data_size            
abs   ffffffff  ___TI_prof_data_start           
abs   ffffffff  ___binit__                      
abs   ffffffff  ___c_args__                     
abs   ffffffff  ___pinit__                      
abs   ffffffff  binit                           
abs   ffffffff  pinit                           

[273 symbols]
